[33;1mVERBOSE: Added 'C:\SC\PsWebHost\modules' to PSModulePath.[0m
[33;1mVERBOSE: [Import-TrackedModule] Tracked module Sanitization from C:\SC\PsWebHost\modules\Sanitization[0m
[33;1mVERBOSE: [Import-TrackedModule] Tracked module PSWebHost_Support from C:\SC\PsWebHost\modules\PSWebHost_Support[0m
[33;1mVERBOSE: [Import-TrackedModule] Tracked module PSWebHost_Database from C:\SC\PsWebHost\modules\PSWebHost_Database[0m
[33;1mVERBOSE: [Import-TrackedModule] Tracked module PSWebHost_Authentication from C:\SC\PsWebHost\modules\PSWebHost_Authentication[0m
[33;1mVERBOSE: [Import-TrackedModule] Tracked module smtp from C:\SC\PsWebHost\modules\smtp[0m
[33;1mVERBOSE: [Import-TrackedModule] Tracked module PSDockerManager from C:\SC\PsWebHost\apps\DockerManager\modules\PSDockerManager[0m
[33;1mVERBOSE: [Import-TrackedModule] Tracked module FileExplorerConfig from C:\SC\PsWebHost\apps\WebhostFileExplorer\modules\FileExplorerConfig[0m
[33;1mVERBOSE: [Import-TrackedModule] Tracked module FileExplorerHelper from C:\SC\PsWebHost\apps\WebhostFileExplorer\modules\FileExplorerHelper[0m
[33;1mVERBOSE: [Import-TrackedModule] Tracked module PSWebHost_Metrics from C:\SC\PsWebHost\apps\WebHostMetrics\modules\PSWebHost_Metrics[0m
[33;1mVERBOSE: [Import-TrackedModule] Tracked module PSWebHost_TaskManagement from C:\SC\PsWebHost\apps\WebHostTaskManagement\modules\PSWebHost_TaskManagement[0m
[33;1mVERBOSE: Initializing variables.[0m
[33;1mVERBOSE: Detected OS: Windows=True, Linux=False, macOS=False[0m
[33;1mVERBOSE: Added 'C:\SC\PsWebHost\modules' to PSModulePath.[0m
[33;1mVERBOSE: Validating third-party modules...[0m
[33;1mVERBOSE: Validating third-party modules - complete.[0m
[33;1mVERBOSE: Validating SQLite installation.[0m
[33;1mVERBOSE: SQLite found at: C:\Users\test\AppData\Local\Microsoft\WinGet\Links\sqlite3.exe[0m
[33;1mVERBOSE: Validating SQLite installation - complete.[0m
[33;1mVERBOSE: Validating table: Users[0m
[33;1mVERBOSE: Table 'Users' exists. Verifying schema.[0m
[33;1mVERBOSE: Validating table: User_Data[0m
[33;1mVERBOSE: Table 'User_Data' exists. Verifying schema.[0m
[33;1mVERBOSE: Validating table: LoginSessions[0m
[33;1mVERBOSE: Table 'LoginSessions' exists. Verifying schema.[0m
[33;1mVERBOSE: Validating table: User_Groups[0m
[33;1mVERBOSE: Table 'User_Groups' exists. Verifying schema.[0m
[33;1mVERBOSE: Validating table: User_Groups_Map[0m
[33;1mVERBOSE: Table 'User_Groups_Map' exists. Verifying schema.[0m
[33;1mVERBOSE: Validating table: PSWeb_Roles[0m
[33;1mVERBOSE: Table 'PSWeb_Roles' exists. Verifying schema.[0m
[33;1mVERBOSE: Validating table: AuthenticationMethods[0m
[33;1mVERBOSE: Table 'AuthenticationMethods' exists. Verifying schema.[0m
[33;1mVERBOSE: Validating table: CardSessions[0m
[33;1mVERBOSE: Table 'CardSessions' exists. Verifying schema.[0m
[33;1mVERBOSE: Validating table: auth_user_provider[0m
[33;1mVERBOSE: Table 'auth_user_provider' exists. Verifying schema.[0m
[33;1mVERBOSE: Validating table: LastLoginAttempt[0m
[33;1mVERBOSE: Table 'LastLoginAttempt' exists. Verifying schema.[0m
[33;1mVERBOSE: Validating table: account_email_confirmation[0m
[33;1mVERBOSE: Table 'account_email_confirmation' exists. Verifying schema.[0m
[33;1mVERBOSE: Validating table: card_settings[0m
[33;1mVERBOSE: Table 'card_settings' exists. Verifying schema.[0m
[33;1mVERBOSE: Validating table: API_Keys[0m
[33;1mVERBOSE: Table 'API_Keys' exists. Verifying schema.[0m
[33;1mVERBOSE: Validating table: Shared_Buckets[0m
[33;1mVERBOSE: Table 'Shared_Buckets' exists. Verifying schema.[0m
[33;1mVERBOSE: Validating table: Bucket_Access_Log[0m
[33;1mVERBOSE: Table 'Bucket_Access_Log' exists. Verifying schema.[0m
[33;1mVERBOSE: Validating table: Upload_Sessions[0m
[33;1mVERBOSE: Table 'Upload_Sessions' exists. Verifying schema.[0m
[33;1mVERBOSE: Validating table: File_Shares[0m
[33;1mVERBOSE: Table 'File_Shares' exists. Verifying schema.[0m
[33;1mVERBOSE: Validating table: File_Share_Roles[0m
[33;1mVERBOSE: Table 'File_Share_Roles' exists. Verifying schema.[0m
[33;1mVERBOSE: Validating table: Storage_Paths[0m
[33;1mVERBOSE: Table 'Storage_Paths' exists. Verifying schema.[0m
[33;1mVERBOSE: Validating table: Storage_Path_Permissions[0m
[33;1mVERBOSE: Table 'Storage_Path_Permissions' exists. Verifying schema.[0m
[33;1mVERBOSE: Database schema validation complete.[0m
[33;1mVERBOSE: Validating table: WebRequestPerformance[0m
[33;1mVERBOSE: Table 'WebRequestPerformance' exists. Verifying schema.[0m
[33;1mVERBOSE: Validating table: SystemPerformance[0m
[33;1mVERBOSE: Table 'SystemPerformance' exists. Verifying schema.[0m
[33;1mVERBOSE: Validating table: Perf_MemoryUsage[0m
[33;1mVERBOSE: Table 'Perf_MemoryUsage' exists. Verifying schema.[0m
[33;1mVERBOSE: Validating table: Perf_DiskIO[0m
[33;1mVERBOSE: Table 'Perf_DiskIO' exists. Verifying schema.[0m
[33;1mVERBOSE: Validating table: Perf_CPUCore[0m
[33;1mVERBOSE: Table 'Perf_CPUCore' exists. Verifying schema.[0m
[33;1mVERBOSE: Validating table: Network[0m
[33;1mVERBOSE: Table 'Network' exists. Verifying schema.[0m
[33;1mVERBOSE: Validating view: vw_RequestPerformanceSummary[0m
[33;1mVERBOSE: View 'vw_RequestPerformanceSummary' exists. Recreating to ensure current definition.[0m
[33;1mVERBOSE: Validating view: vw_UserPerformance[0m
[33;1mVERBOSE: View 'vw_UserPerformance' exists. Recreating to ensure current definition.[0m
[33;1mVERBOSE: Validating view: vw_SlowRequests[0m
[33;1mVERBOSE: View 'vw_SlowRequests' exists. Recreating to ensure current definition.[0m
[33;1mVERBOSE: Database schema validation complete.[0m
[33;1mVERBOSE: Node GUID: 02a87580-b3c4-488c-bb6a-bf30a81553dc[0m
[33;1mVERBOSE: Loaded 2 API keys from config[0m
[33;1mVERBOSE: Started background logging job.[0m
[33;1mVERBOSE: Started log history collection job.[0m
[33;1mWARNING: Failed to execute app_init.ps1 for app 'DockerManager': Cannot bind argument to parameter 'Path' because it is null.[0m
[Init] Loaded app: DockerManager (v1.0.0)
[33;1mWARNING: Failed to execute app_init.ps1 for app 'KubernetesManager': Cannot bind argument to parameter 'Path' because it is null.[0m
[Init] Loaded app: KubernetesManager (v1.0.0)
[33;1mWARNING: Failed to execute app_init.ps1 for app 'LinuxAdmin': Cannot bind argument to parameter 'Path' because it is null.[0m
[Init] Loaded app: LinuxAdmin (v1.0.0)
[Init] Loaded app: Maps (v1.0.0)
[33;1mWARNING: Failed to execute app_init.ps1 for app 'MySQLManager': Cannot bind argument to parameter 'Path' because it is null.[0m
[Init] Loaded app: MySQLManager (v1.0.0)
[33;1mWARNING: Failed to execute app_init.ps1 for app 'RedisManager': Cannot bind argument to parameter 'Path' because it is null.[0m
[Init] Loaded app: RedisManager (v1.0.0)
[33;1mWARNING: Failed to execute app_init.ps1 for app 'SQLiteManager': Cannot bind argument to parameter 'Path' because it is null.[0m
[Init] Loaded app: SQLiteManager (v1.0.0)
[33;1mWARNING: Failed to execute app_init.ps1 for app 'SQLServerManager': Cannot bind argument to parameter 'Path' because it is null.[0m
[Init] Loaded app: SQLServerManager (v1.0.0)
[33;1mWARNING: Failed to execute app_init.ps1 for app 'UI_Uplot': Cannot bind argument to parameter 'Path' because it is null.[0m
[33;1mVERBOSE:   Registered app 'UI_Uplot' also as 'uplot' (from routePrefix)[0m
[Init] Loaded app: UI_Uplot (v1.0.0)
[33;1mVERBOSE: [UnitTests:Init] Initializing UnitTests app...[0m
[33;1mWARNING: Failed to execute app_init.ps1 for app 'UnitTests': Cannot bind argument to parameter 'Path' because it is null.[0m
[Init] Loaded app: UnitTests (v1.0.0)
[33;1mVERBOSE: [Vault:Init] Loaded PSWebVault module[0m
[33;1mWARNING: Failed to execute app_init.ps1 for app 'vault': Cannot bind argument to parameter 'Path' because it is null.[0m
[Init] Loaded app: vault (v1.0.0)
[WebHostAppManager:Init] Initializing WebHost App Manager...
[WebHostAppManager:Init] WebHost App Manager initialized successfully
[33;1mVERBOSE: [WebHostAppManager:Init] App root: C:\SC\PsWebHost\apps\WebHostAppManager[0m
[33;1mVERBOSE: Executed app init script for: WebHostAppManager[0m
[Init] Loaded app: WebHostAppManager (v1.0.0)
[WebHostDebugExtensions:Init] Initializing debug extensions system...
[WebHostDebugExtensions:Init] Debug command queue initialized
[WebHostDebugExtensions:Init]   Max Queue Size: 100
[WebHostDebugExtensions:Init]   Max History Size: 500
[WebHostDebugExtensions:Init] Utility scripts available in system/utility/ (call externally)
[WebHostDebugExtensions:Init] Helper functions registered:
[WebHostDebugExtensions:Init]   - Get-DebugCommandHistory
[WebHostDebugExtensions:Init]   - Get-DebugCommandQueue
[WebHostDebugExtensions:Init]   - Get-DebugCommandResult
[WebHostDebugExtensions:Init]   - Get-AllDebugCommandResults
[WebHostDebugExtensions:Init] Initialization complete
[33;1mVERBOSE: Executed app init script for: WebHostDebugExtensions[0m
[Init] Loaded app: WebHostDebugExtensions (v1.0.0)
[WebHostDebugVariables:Init] Initializing Debug Variables browser...
[WebHostDebugVariables:Init] Debug Variables browser initialized successfully
[33;1mVERBOSE: Executed app init script for: WebHostDebugVariables[0m
[Init] Loaded app: WebHostDebugVariables (v1.0.0)
[WebhostFileExplorer:Init] Initializing WebHost File Explorer...
[WebhostFileExplorer:Init] Loaded FileExplorerConfig module with hot reload
[WebhostFileExplorer:Init] WebHost File Explorer initialized successfully
[WebhostFileExplorer:Init]   Max File Size: 10 MB
[WebhostFileExplorer:Init]   Max Depth: 10
[33;1mVERBOSE: Executed app init script for: WebhostFileExplorer[0m
[Init] Loaded app: WebhostFileExplorer (v1.0.0)
[WebHostHelpViewer:Init] Initializing Help Viewer app...
[WebHostHelpViewer:Init] Help Viewer initialized successfully
[33;1mVERBOSE: Executed app init script for: WebHostHelpViewer[0m
[Init] Loaded app: WebHostHelpViewer (v1.0.0)
[WebHostMetrics:Init] Initializing metrics system...
[Initialize-PSWebMetrics] Metrics system initialized
True
[WebHostMetrics:Init] Metrics collection started (5s intervals, job ID: 1)
[33;1mVERBOSE: Executed app init script for: WebHostMetrics[0m
[Init] Loaded app: WebHostMetrics (v1.0.0)
[33;1mWARNING: Failed to execute app_init.ps1 for app 'WebhostRealtimeEvents': Cannot bind argument to parameter 'Path' because it is null.[0m
[Init] Loaded app: WebhostRealtimeEvents (v1.0.0)
[33;1mVERBOSE: No app.yaml found in 'WebHostSMBClient', skipping.[0m
[33;1mVERBOSE: No app.yaml found in 'WebHostSSHFileAccess', skipping.[0m
[33;1mVERBOSE: Executed app init script for: WebHostTaskManagement[0m
[Init] Loaded app: WebHostTaskManagement (v1.0.0)
[33;1mWARNING: Failed to execute app_init.ps1 for app 'WindowsAdmin': Cannot bind argument to parameter 'Path' because it is null.[0m
[Init] Loaded app: WindowsAdmin (v1.0.0)
[33;1mWARNING: Failed to execute app_init.ps1 for app 'WSLManager': Cannot bind argument to parameter 'Path' because it is null.[0m
[Init] Loaded app: WSLManager (v1.0.0)
[33;1mVERBOSE: Apps framework initialized. Loaded 22 app(s).[0m
[33;1mVERBOSE: [Init] Created category: Databases (id: databases)[0m
[33;1mVERBOSE: [Init]   Added subcategory: Redis (order: 2)[0m
[33;1mVERBOSE: [Init]   Added app 'RedisManager' to category 'Databases' > 'Redis'[0m
[33;1mVERBOSE: [Init] Created category: Operating Systems (id: operating-systems)[0m
[33;1mVERBOSE: [Init]   Added subcategory: Linux (order: 2)[0m
[33;1mVERBOSE: [Init]   Added app 'LinuxAdmin' to category 'Operating Systems' > 'Linux'[0m
[33;1mVERBOSE: [Init] Created category: Security (id: security)[0m
[33;1mVERBOSE: [Init]   Added subcategory: Credentials (order: 1)[0m
[33;1mVERBOSE: [Init]   Added app 'vault' to category 'Security' > 'Credentials'[0m
[33;1mVERBOSE: [Init] Created category: Data Visualization (id: visualization)[0m
[33;1mVERBOSE: [Init]   Added subcategory: Charts (order: 1)[0m
[33;1mVERBOSE: [Init]   Added app 'uplot' to category 'Data Visualization' > 'Charts'[0m
[33;1mVERBOSE: [Init] Created category: Containers (id: containers)[0m
[33;1mVERBOSE: [Init]   Added subcategory: Docker (order: 2)[0m
[33;1mVERBOSE: [Init]   Added app 'DockerManager' to category 'Containers' > 'Docker'[0m
[33;1mVERBOSE: [Init]   Added subcategory: WSL (order: 1)[0m
[33;1mVERBOSE: [Init]   Added app 'WSLManager' to category 'Containers' > 'WSL'[0m
[33;1mVERBOSE: [Init]   Added app 'UI_Uplot' to category 'Data Visualization' > 'Charts'[0m
[33;1mVERBOSE: [Init]   Added subcategory: SQL Server (order: 4)[0m
[33;1mVERBOSE: [Init]   Added app 'SQLServerManager' to category 'Databases' > 'SQL Server'[0m
[33;1mVERBOSE: [Init] Created category: Monitoring (id: monitoring)[0m
[33;1mVERBOSE: [Init]   Added subcategory: Logs (order: 1)[0m
[33;1mVERBOSE: [Init]   Added app 'WebhostRealtimeEvents' to category 'Monitoring' > 'Logs'[0m
[33;1mVERBOSE: [Init]   Added subcategory: Windows (order: 1)[0m
[33;1mVERBOSE: [Init]   Added app 'WindowsAdmin' to category 'Operating Systems' > 'Windows'[0m
[33;1mVERBOSE: [Init]   Added subcategory: Kubernetes (order: 3)[0m
[33;1mVERBOSE: [Init]   Added app 'KubernetesManager' to category 'Containers' > 'Kubernetes'[0m
[33;1mVERBOSE: [Init]   Added subcategory: MySQL (order: 1)[0m
[33;1mVERBOSE: [Init]   Added app 'MySQLManager' to category 'Databases' > 'MySQL'[0m
[33;1mVERBOSE: [Init]   Added subcategory: SQLite (order: 3)[0m
[33;1mVERBOSE: [Init]   Added app 'SQLiteManager' to category 'Databases' > 'SQLite'[0m
[Init] Built category structure: 6 parent categories
[33;1mVERBOSE: [Init]   - Containers: 3 subcategories, 3 apps[0m
[33;1mVERBOSE: [Init]   - Databases: 4 subcategories, 4 apps[0m
[33;1mVERBOSE: [Init]   - Monitoring: 1 subcategories, 1 apps[0m
[33;1mVERBOSE: [Init]   - Operating Systems: 2 subcategories, 2 apps[0m
[33;1mVERBOSE: [Init]   - Security: 1 subcategories, 1 apps[0m
[33;1mVERBOSE: [Init]   - Data Visualization: 1 subcategories, 2 apps[0m
Init.ps1 completed after 4859.3437 milliseconds
û PSWebHost_Jobs module imported
û Job system initialized
PSWebHost_Jobs module loaded (discovered 1 jobs)
Starting performance monitoring job...
[33;1mVERBOSE: Validating table: WebRequestPerformance[0m
[33;1mVERBOSE: Table 'WebRequestPerformance' exists. Verifying schema.[0m
[33;1mVERBOSE: Validating table: SystemPerformance[0m
[33;1mVERBOSE: Table 'SystemPerformance' exists. Verifying schema.[0m
[33;1mVERBOSE: Validating table: Perf_MemoryUsage[0m
[33;1mVERBOSE: Table 'Perf_MemoryUsage' exists. Verifying schema.[0m
[33;1mVERBOSE: Validating table: Perf_DiskIO[0m
[33;1mVERBOSE: Table 'Perf_DiskIO' exists. Verifying schema.[0m
[33;1mVERBOSE: Validating table: Perf_CPUCore[0m
[33;1mVERBOSE: Table 'Perf_CPUCore' exists. Verifying schema.[0m
[33;1mVERBOSE: Validating table: Network[0m
[33;1mVERBOSE: Table 'Network' exists. Verifying schema.[0m
[33;1mVERBOSE: Validating view: vw_RequestPerformanceSummary[0m
[33;1mVERBOSE: View 'vw_RequestPerformanceSummary' exists. Recreating to ensure current definition.[0m
[33;1mVERBOSE: Validating view: vw_UserPerformance[0m
[33;1mVERBOSE: View 'vw_UserPerformance' exists. Recreating to ensure current definition.[0m
[33;1mVERBOSE: Validating view: vw_SlowRequests[0m
[33;1mVERBOSE: View 'vw_SlowRequests' exists. Recreating to ensure current definition.[0m
[33;1mVERBOSE: Database schema validation complete.[0m
Performance monitoring job started (Job ID: 3)

[32;1mId    [0m[32;1m Name           [0m[32;1m PSJobTypeName  [0m[32;1m State        [0m[32;1m HasMoreData    [0m[32;1m Location            [0m[32;1m Command[0m
[32;1m--    [0m [32;1m----           [0m [32;1m-------------  [0m [32;1m-----        [0m [32;1m-----------    [0m [32;1m--------            [0m [32;1m-------[0m
3      Job3            BackgroundJob   Running       True            localhost            .
Performance monitoring job started.
Starting log tail job for event stream...
Selected log file: log_2026-02-10T143145_9971567-0600.tsv
Log tail job started: Log_Tail:C:\SC\PsWebHost\PsWebHost_Data\Logs\log_2026-02-10T143145_9971567-0600.tsv (Job ID: 5)
Adding missing fields row to log. 'utcTime','localTime','Severity','Category','escapedMessage','Source','ActivityName','percentString','UserID','SessionID','RunspaceID','dataString'
	Logging: 2026-02-10T20:31:47.7798869Z	2026-02-10T14:31:47.7798869-06:00	Info	MetricsData	Track_HashTables	WebHost.ps1	ProcessLogQueue		Webhost	MainLoop	1	{"PSWebServerModules":{"Name":"PSWebServerModules","Count":10,"LastSeen":"2026-02-10T14:31:47.7779295-06:00"},"PSDefaultParameterValues":{"Name":"PSDefaultParameterValues","Count":0,"LastSeen":"2026-02-10T14:31:47.7731384-06:00"},"PSWebSessions":{"Name":"PSWebSessions","Count":0,"LastSeen":"2026-02-10T14:31:47.7780878-06:00"},"PSVersionTable":{"Name":"PSVersionTable","Count":9,"LastSeen":"2026-02-10T14:31:47.7761359-06:00"},"LogHistory":{"Name":"LogHistory","Count":0,"LastSeen":"2026-02-10T14:31:47.7579731-06:00"},"PSWebServer":{"Name":"PSWebServer","Count":32,"LastSeen":"2026-02-10T14:31:47.7777401-06:00"}}
	Logging: 2026-02-10T20:31:47.8081555Z	2026-02-10T14:31:47.8081555-06:00	Info	MetricsData	Track_HashTables	WebHost.ps1	ProcessLogQueue		Webhost	MainLoop	1	{"args":{"Name":"args","Count":0,"LastSeen":"2026-02-10T14:31:47.7973685-06:00"}}

Command      : WebHost.ps1
ScriptName   : C:\SC\PsWebHost\WebHost.ps1
FunctionName : <ScriptBlock><End>
Line         : 872
Arguments    : {}


2026-02-10T20:31:47.9941956Z	2026-02-10T14:31:47.9941956-06:00	Error	RequestHandler	\[WebHost\.PS1]\ A\ terminating\ error\ occurred\ while\ processing\ a\ synchronous\ request:\ Cannot\ process\ argument\ transformation\ on\ parameter\ 'Session'\.\ Cannot\ convert\ the\ "System\.Object\[]"\ value\ of\ type\ "System\.Object\[]"\ to\ type\ "System\.Collections\.Hashtable"\.\nAt\ C:\\SC\\PsWebHost\\WebHost\.ps1:870\ char:17\r\n\+\ .\ \ \ \ \ \ \ \ \ \ \ \ \ Process-HttpRequest\ -Context\ \$context\ -HostUIQueue\ \$globa\ .\r\n\+\ \ \ \ \ \ \ \ \ \ \ \ \ \ \ ~~~~~~~~~~~~~~~~~~~~~~~~~~~~~~~~~~~~~~~~~~~~~~~~~~~~~~~~~	WebHost.ps1::<ScriptBlock><End>	<ScriptBlock><End>				1	{"PositionMessage":"At C:\\SC\\PsWebHost\\WebHost.ps1:870 char:17\r\n+ .             Process-HttpRequest -Context $context -HostUIQueue $globa .\r\n+               ~~~~~~~~~~~~~~~~~~~~~~~~~~~~~~~~~~~~~~~~~~~~~~~~~~~~~~~~~","Message":"Cannot process argument transformation on parameter 'Session'. Cannot convert the \"System.Object[]\" value of type \"System.Object[]\" to type \"System.Collections.Hashtable\"."}

Command      : WebHost.ps1
ScriptName   : C:\SC\PsWebHost\WebHost.ps1
FunctionName : <ScriptBlock>
Line         : 878
Arguments    : {}

Command      : WebHost.ps1
ScriptName   : C:\SC\PsWebHost\WebHost.ps1
FunctionName : <ScriptBlock><End>
Line         : 875
Arguments    : {}


2026-02-10T20:31:48.0718402Z	2026-02-10T14:31:48.0718402-06:00	Error	ErrorArrayCheck	\[WebHost\.PS1]\ \$Error\[0]\ Cannot\ process\ argument\ transformation\ on\ parameter\ 'Session'\.\ Cannot\ convert\ the\ "System\.Object\[]"\ value\ of\ type\ "System\.Object\[]"\ to\ type\ "System\.Collections\.Hashtable"\.\nAt\ C:\\SC\\PsWebHost\\modules\\PSWebHost_Support\\PSWebHost_Support\.psm1:1251\ char:64\r\n\+\ .\ \ \ Invoke-HttpRequestRoute\ -Context\ \$Context\ -Session\ \$session\ -Sessio\ .\r\n\+\ \ \ \ \ \ \ \ \ \ \ \ \ \ \ \ \ \ \ \ \ \ \ \ \ \ \ \ \ \ \ \ \ \ \ \ \ \ \ \ \ \ \ \ \ \ \ \ \ \ \ \ \ \ \ \ ~~~~~~~~	WebHost.ps1	WebHost.ps1				1	{"PositionMessage":"At C:\\SC\\PsWebHost\\modules\\PSWebHost_Support\\PSWebHost_Support.psm1:1251 char:64\r\n+ .   Invoke-HttpRequestRoute -Context $Context -Session $session -Sessio .\r\n+                                                        ~~~~~~~~","Message":"Cannot process argument transformation on parameter 'Session'. Cannot convert the \"System.Object[]\" value of type \"System.Object[]\" to type \"System.Collections.Hashtable\"."}

Command      : WebHost.ps1
ScriptName   : C:\SC\PsWebHost\WebHost.ps1
FunctionName : <ScriptBlock>
Line         : 878
Arguments    : {}

Command      : WebHost.ps1
ScriptName   : C:\SC\PsWebHost\WebHost.ps1
FunctionName : <ScriptBlock><End>
Line         : 875
Arguments    : {}


2026-02-10T20:31:48.0765701Z	2026-02-10T14:31:48.0765701-06:00	Error	ErrorArrayCheck	\[WebHost\.PS1]\ \$Error\[1]\ Exception\ calling\ "Start"\ with\ "0"\ argument\(s\):\ "Failed\ to\ listen\ on\ prefix\ 'http://localhost:8080/'\ because\ it\ conflicts\ with\ an\ existing\ registration\ on\ the\ machine\."\nAt\ C:\\SC\\PsWebHost\\WebHost\.ps1:204\ char:17\r\n\+\ \ \ \ \ \ \ \ \ \ \ \ \ \ \ \ \ \$listener\.Start\(\)\r\n\+\ \ \ \ \ \ \ \ \ \ \ \ \ \ \ \ \ ~~~~~~~~~~~~~~~~~	WebHost.ps1	WebHost.ps1				1	{"PositionMessage":"At C:\\SC\\PsWebHost\\WebHost.ps1:204 char:17\r\n+                 $listener.Start()\r\n+                 ~~~~~~~~~~~~~~~~~","Message":"Exception calling \"Start\" with \"0\" argument(s): \"Failed to listen on prefix 'http://localhost:8080/' because it conflicts with an existing registration on the machine.\""}

Command      : WebHost.ps1
ScriptName   : C:\SC\PsWebHost\WebHost.ps1
FunctionName : <ScriptBlock>
Line         : 878
Arguments    : {}

Command      : WebHost.ps1
ScriptName   : C:\SC\PsWebHost\WebHost.ps1
FunctionName : <ScriptBlock><End>
Line         : 875
Arguments    : {}


2026-02-10T20:31:48.0795406Z	2026-02-10T14:31:48.0795406-06:00	Error	ErrorArrayCheck	\[WebHost\.PS1]\ \$Error\[2]\ Cannot\ bind\ argument\ to\ parameter\ 'Path'\ because\ it\ is\ null\.\nAt\ C:\\SC\\PsWebHost\\apps\\WSLManager\\app_init\.ps1:23\ char:26\r\n\+\ \ \ \ \ DataPath\ =\ Join-Path\ \$Global:PSWebServer\['DataRoot']\ "apps\\WSLMan\ .\r\n\+\ \ \ \ \ \ \ \ \ \ \ \ \ \ \ \ \ \ \ \ \ \ \ \ \ \ ~~~~~~~~~~~~~~~~~~~~~~~~~~~~~~~	WebHost.ps1	WebHost.ps1				1	{"PositionMessage":"At C:\\SC\\PsWebHost\\apps\\WSLManager\\app_init.ps1:23 char:26\r\n+     DataPath = Join-Path $Global:PSWebServer['DataRoot'] \"apps\\WSLMan .\r\n+                          ~~~~~~~~~~~~~~~~~~~~~~~~~~~~~~~","Message":"Cannot bind argument to parameter 'Path' because it is null."}

Command      : WebHost.ps1
ScriptName   : C:\SC\PsWebHost\WebHost.ps1
FunctionName : <ScriptBlock>
Line         : 878
Arguments    : {}

Command      : WebHost.ps1
ScriptName   : C:\SC\PsWebHost\WebHost.ps1
FunctionName : <ScriptBlock><End>
Line         : 875
Arguments    : {}


2026-02-10T20:31:48.0825499Z	2026-02-10T14:31:48.0825499-06:00	Error	ErrorArrayCheck	\[WebHost\.PS1]\ \$Error\[3]\ Cannot\ bind\ argument\ to\ parameter\ 'Path'\ because\ it\ is\ null\.\nAt\ C:\\SC\\PsWebHost\\apps\\WindowsAdmin\\app_init\.ps1:23\ char:26\r\n\+\ \ \ \ \ DataPath\ =\ Join-Path\ \$Global:PSWebServer\['DataRoot']\ "apps\\Window\ .\r\n\+\ \ \ \ \ \ \ \ \ \ \ \ \ \ \ \ \ \ \ \ \ \ \ \ \ \ ~~~~~~~~~~~~~~~~~~~~~~~~~~~~~~~	WebHost.ps1	WebHost.ps1				1	{"PositionMessage":"At C:\\SC\\PsWebHost\\apps\\WindowsAdmin\\app_init.ps1:23 char:26\r\n+     DataPath = Join-Path $Global:PSWebServer['DataRoot'] \"apps\\Window .\r\n+                          ~~~~~~~~~~~~~~~~~~~~~~~~~~~~~~~","Message":"Cannot bind argument to parameter 'Path' because it is null."}

Command      : WebHost.ps1
ScriptName   : C:\SC\PsWebHost\WebHost.ps1
FunctionName : <ScriptBlock>
Line         : 878
Arguments    : {}

Command      : WebHost.ps1
ScriptName   : C:\SC\PsWebHost\WebHost.ps1
FunctionName : <ScriptBlock><End>
Line         : 875
Arguments    : {}


2026-02-10T20:31:48.0860626Z	2026-02-10T14:31:48.0860626-06:00	Error	ErrorArrayCheck	\[WebHost\.PS1]\ \$Error\[4]\ The\ term\ 'Get-AllTasks'\ is\ not\ recognized\ as\ a\ name\ of\ a\ cmdlet,\ function,\ script\ file,\ or\ executable\ program\.\r\nCheck\ the\ spelling\ of\ the\ name,\ or\ if\ a\ path\ was\ included,\ verify\ that\ the\ path\ is\ correct\ and\ try\ again\.\nAt\ C:\\SC\\PsWebHost\\apps\\WebHostTaskManagement\\app_init\.ps1:432\ char:9\r\n\+\ \ \ \ \ if\ \(Get-Command\ Get-AllTasks\ -ErrorAction\ SilentlyContinue\)\ \{\r\n\+\ \ \ \ \ \ \ \ \ ~~~~~~~~~~~~~~~~~~~~~~~~~~~~~~~~~~~~~~~~~~~~~~~~~~~~~~	WebHost.ps1	WebHost.ps1				1	{"PositionMessage":"At C:\\SC\\PsWebHost\\apps\\WebHostTaskManagement\\app_init.ps1:432 char:9\r\n+     if (Get-Command Get-AllTasks -ErrorAction SilentlyContinue) {\r\n+         ~~~~~~~~~~~~~~~~~~~~~~~~~~~~~~~~~~~~~~~~~~~~~~~~~~~~~~","Message":"The term 'Get-AllTasks' is not recognized as a name of a cmdlet, function, script file, or executable program.\r\nCheck the spelling of the name, or if a path was included, verify that the path is correct and try again."}

Command      : WebHost.ps1
ScriptName   : C:\SC\PsWebHost\WebHost.ps1
FunctionName : <ScriptBlock>
Line         : 878
Arguments    : {}

Command      : WebHost.ps1
ScriptName   : C:\SC\PsWebHost\WebHost.ps1
FunctionName : <ScriptBlock><End>
Line         : 875
Arguments    : {}


2026-02-10T20:31:48.0977268Z	2026-02-10T14:31:48.0977268-06:00	Error	ErrorArrayCheck	\[WebHost\.PS1]\ \$Error\[5]\ Cannot\ bind\ argument\ to\ parameter\ 'Path'\ because\ it\ is\ null\.\nAt\ C:\\SC\\PsWebHost\\apps\\WebhostRealtimeEvents\\app_init\.ps1:16\ char:26\r\n\+\ \ \ \ \ DataPath\ =\ Join-Path\ \$Global:PSWebServer\['DataRoot']\ "apps\\Webhos\ .\r\n\+\ \ \ \ \ \ \ \ \ \ \ \ \ \ \ \ \ \ \ \ \ \ \ \ \ \ ~~~~~~~~~~~~~~~~~~~~~~~~~~~~~~~	WebHost.ps1	WebHost.ps1				1	{"PositionMessage":"At C:\\SC\\PsWebHost\\apps\\WebhostRealtimeEvents\\app_init.ps1:16 char:26\r\n+     DataPath = Join-Path $Global:PSWebServer['DataRoot'] \"apps\\Webhos .\r\n+                          ~~~~~~~~~~~~~~~~~~~~~~~~~~~~~~~","Message":"Cannot bind argument to parameter 'Path' because it is null."}

Command      : WebHost.ps1
ScriptName   : C:\SC\PsWebHost\WebHost.ps1
FunctionName : <ScriptBlock>
Line         : 878
Arguments    : {}

Command      : WebHost.ps1
ScriptName   : C:\SC\PsWebHost\WebHost.ps1
FunctionName : <ScriptBlock><End>
Line         : 875
Arguments    : {}


2026-02-10T20:31:48.1009120Z	2026-02-10T14:31:48.1009120-06:00	Error	ErrorArrayCheck	\[WebHost\.PS1]\ \$Error\[6]\ The\ term\ 'Get-AllDebugCommandResults'\ is\ not\ recognized\ as\ a\ name\ of\ a\ cmdlet,\ function,\ script\ file,\ or\ executable\ program\.\r\nCheck\ the\ spelling\ of\ the\ name,\ or\ if\ a\ path\ was\ included,\ verify\ that\ the\ path\ is\ correct\ and\ try\ again\.\nAt\ C:\\SC\\PsWebHost\\apps\\WebHostDebugExtensions\\app_init\.ps1:154\ char:15\r\n\+\ .\ \ \ if\ \(-not\ \(Get-Command\ Get-AllDebugCommandResults\ -ErrorAction\ Silen\ .\r\n\+\ \ \ \ \ \ \ \ \ \ \ \ \ \ \ ~~~~~~~~~~~~~~~~~~~~~~~~~~~~~~~~~~~~~~~~~~~~~~~~~~~~~~~~~	WebHost.ps1	WebHost.ps1				1	{"PositionMessage":"At C:\\SC\\PsWebHost\\apps\\WebHostDebugExtensions\\app_init.ps1:154 char:15\r\n+ .   if (-not (Get-Command Get-AllDebugCommandResults -ErrorAction Silen .\r\n+               ~~~~~~~~~~~~~~~~~~~~~~~~~~~~~~~~~~~~~~~~~~~~~~~~~~~~~~~~~","Message":"The term 'Get-AllDebugCommandResults' is not recognized as a name of a cmdlet, function, script file, or executable program.\r\nCheck the spelling of the name, or if a path was included, verify that the path is correct and try again."}

Command      : WebHost.ps1
ScriptName   : C:\SC\PsWebHost\WebHost.ps1
FunctionName : <ScriptBlock>
Line         : 878
Arguments    : {}

Command      : WebHost.ps1
ScriptName   : C:\SC\PsWebHost\WebHost.ps1
FunctionName : <ScriptBlock><End>
Line         : 875
Arguments    : {}


2026-02-10T20:31:48.1038074Z	2026-02-10T14:31:48.1038074-06:00	Error	ErrorArrayCheck	\[WebHost\.PS1]\ \$Error\[7]\ The\ term\ 'Get-DebugCommandResult'\ is\ not\ recognized\ as\ a\ name\ of\ a\ cmdlet,\ function,\ script\ file,\ or\ executable\ program\.\r\nCheck\ the\ spelling\ of\ the\ name,\ or\ if\ a\ path\ was\ included,\ verify\ that\ the\ path\ is\ correct\ and\ try\ again\.\nAt\ C:\\SC\\PsWebHost\\apps\\WebHostDebugExtensions\\app_init\.ps1:107\ char:15\r\n\+\ .\ \ \ if\ \(-not\ \(Get-Command\ Get-DebugCommandResult\ -ErrorAction\ SilentlyC\ .\r\n\+\ \ \ \ \ \ \ \ \ \ \ \ \ \ \ ~~~~~~~~~~~~~~~~~~~~~~~~~~~~~~~~~~~~~~~~~~~~~~~~~~~~~~~~~	WebHost.ps1	WebHost.ps1				1	{"PositionMessage":"At C:\\SC\\PsWebHost\\apps\\WebHostDebugExtensions\\app_init.ps1:107 char:15\r\n+ .   if (-not (Get-Command Get-DebugCommandResult -ErrorAction SilentlyC .\r\n+               ~~~~~~~~~~~~~~~~~~~~~~~~~~~~~~~~~~~~~~~~~~~~~~~~~~~~~~~~~","Message":"The term 'Get-DebugCommandResult' is not recognized as a name of a cmdlet, function, script file, or executable program.\r\nCheck the spelling of the name, or if a path was included, verify that the path is correct and try again."}

Command      : WebHost.ps1
ScriptName   : C:\SC\PsWebHost\WebHost.ps1
FunctionName : <ScriptBlock>
Line         : 878
Arguments    : {}

Command      : WebHost.ps1
ScriptName   : C:\SC\PsWebHost\WebHost.ps1
FunctionName : <ScriptBlock><End>
Line         : 875
Arguments    : {}


2026-02-10T20:31:48.1074545Z	2026-02-10T14:31:48.1074545-06:00	Error	ErrorArrayCheck	\[WebHost\.PS1]\ \$Error\[8]\ The\ term\ 'Get-DebugCommandQueue'\ is\ not\ recognized\ as\ a\ name\ of\ a\ cmdlet,\ function,\ script\ file,\ or\ executable\ program\.\r\nCheck\ the\ spelling\ of\ the\ name,\ or\ if\ a\ path\ was\ included,\ verify\ that\ the\ path\ is\ correct\ and\ try\ again\.\nAt\ C:\\SC\\PsWebHost\\apps\\WebHostDebugExtensions\\app_init\.ps1:90\ char:15\r\n\+\ .\ \ \ if\ \(-not\ \(Get-Command\ Get-DebugCommandQueue\ -ErrorAction\ SilentlyCo\ .\r\n\+\ \ \ \ \ \ \ \ \ \ \ \ \ \ \ ~~~~~~~~~~~~~~~~~~~~~~~~~~~~~~~~~~~~~~~~~~~~~~~~~~~~~~~~~	WebHost.ps1	WebHost.ps1				1	{"PositionMessage":"At C:\\SC\\PsWebHost\\apps\\WebHostDebugExtensions\\app_init.ps1:90 char:15\r\n+ .   if (-not (Get-Command Get-DebugCommandQueue -ErrorAction SilentlyCo .\r\n+               ~~~~~~~~~~~~~~~~~~~~~~~~~~~~~~~~~~~~~~~~~~~~~~~~~~~~~~~~~","Message":"The term 'Get-DebugCommandQueue' is not recognized as a name of a cmdlet, function, script file, or executable program.\r\nCheck the spelling of the name, or if a path was included, verify that the path is correct and try again."}

Command      : WebHost.ps1
ScriptName   : C:\SC\PsWebHost\WebHost.ps1
FunctionName : <ScriptBlock>
Line         : 878
Arguments    : {}

Command      : WebHost.ps1
ScriptName   : C:\SC\PsWebHost\WebHost.ps1
FunctionName : <ScriptBlock><End>
Line         : 875
Arguments    : {}


2026-02-10T20:31:48.1099869Z	2026-02-10T14:31:48.1099869-06:00	Error	ErrorArrayCheck	\[WebHost\.PS1]\ \$Error\[9]\ The\ term\ 'Get-DebugCommandHistory'\ is\ not\ recognized\ as\ a\ name\ of\ a\ cmdlet,\ function,\ script\ file,\ or\ executable\ program\.\r\nCheck\ the\ spelling\ of\ the\ name,\ or\ if\ a\ path\ was\ included,\ verify\ that\ the\ path\ is\ correct\ and\ try\ again\.\nAt\ C:\\SC\\PsWebHost\\apps\\WebHostDebugExtensions\\app_init\.ps1:42\ char:15\r\n\+\ .\ \ \ if\ \(-not\ \(Get-Command\ Get-DebugCommandHistory\ -ErrorAction\ Silently\ .\r\n\+\ \ \ \ \ \ \ \ \ \ \ \ \ \ \ ~~~~~~~~~~~~~~~~~~~~~~~~~~~~~~~~~~~~~~~~~~~~~~~~~~~~~~~~~	WebHost.ps1	WebHost.ps1				1	{"PositionMessage":"At C:\\SC\\PsWebHost\\apps\\WebHostDebugExtensions\\app_init.ps1:42 char:15\r\n+ .   if (-not (Get-Command Get-DebugCommandHistory -ErrorAction Silently .\r\n+               ~~~~~~~~~~~~~~~~~~~~~~~~~~~~~~~~~~~~~~~~~~~~~~~~~~~~~~~~~","Message":"The term 'Get-DebugCommandHistory' is not recognized as a name of a cmdlet, function, script file, or executable program.\r\nCheck the spelling of the name, or if a path was included, verify that the path is correct and try again."}

Command      : WebHost.ps1
ScriptName   : C:\SC\PsWebHost\WebHost.ps1
FunctionName : <ScriptBlock>
Line         : 878
Arguments    : {}

Command      : WebHost.ps1
ScriptName   : C:\SC\PsWebHost\WebHost.ps1
FunctionName : <ScriptBlock><End>
Line         : 875
Arguments    : {}


2026-02-10T20:31:48.1128487Z	2026-02-10T14:31:48.1128487-06:00	Error	ErrorArrayCheck	\[WebHost\.PS1]\ \$Error\[10]\ Cannot\ bind\ argument\ to\ parameter\ 'Path'\ because\ it\ is\ null\.\nAt\ C:\\SC\\PsWebHost\\apps\\vault\\app_init\.ps1:20\ char:22\r\n\+\ \$dataDir\ =\ Join-Path\ \$Global:PSWebServer\['DataRoot']\ "apps\\vault"\r\n\+\ \ \ \ \ \ \ \ \ \ \ \ \ \ \ \ \ \ \ \ \ \ ~~~~~~~~~~~~~~~~~~~~~~~~~~~~~~~	WebHost.ps1	WebHost.ps1				1	{"PositionMessage":"At C:\\SC\\PsWebHost\\apps\\vault\\app_init.ps1:20 char:22\r\n+ $dataDir = Join-Path $Global:PSWebServer['DataRoot'] \"apps\\vault\"\r\n+                      ~~~~~~~~~~~~~~~~~~~~~~~~~~~~~~~","Message":"Cannot bind argument to parameter 'Path' because it is null."}

Command      : WebHost.ps1
ScriptName   : C:\SC\PsWebHost\WebHost.ps1
FunctionName : <ScriptBlock>
Line         : 878
Arguments    : {}

Command      : WebHost.ps1
ScriptName   : C:\SC\PsWebHost\WebHost.ps1
FunctionName : <ScriptBlock><End>
Line         : 875
Arguments    : {}


2026-02-10T20:31:48.1162673Z	2026-02-10T14:31:48.1162673-06:00	Error	ErrorArrayCheck	\[WebHost\.PS1]\ \$Error\[11]\ Cannot\ bind\ argument\ to\ parameter\ 'Path'\ because\ it\ is\ null\.\nAt\ C:\\SC\\PsWebHost\\apps\\UnitTests\\app_init\.ps1:8\ char:26\r\n\+\ \ \ \ \ DataPath\ =\ Join-Path\ \$Global:PSWebServer\['DataRoot']\ "apps\\UnitTe\ .\r\n\+\ \ \ \ \ \ \ \ \ \ \ \ \ \ \ \ \ \ \ \ \ \ \ \ \ \ ~~~~~~~~~~~~~~~~~~~~~~~~~~~~~~~	WebHost.ps1	WebHost.ps1				1	{"PositionMessage":"At C:\\SC\\PsWebHost\\apps\\UnitTests\\app_init.ps1:8 char:26\r\n+     DataPath = Join-Path $Global:PSWebServer['DataRoot'] \"apps\\UnitTe .\r\n+                          ~~~~~~~~~~~~~~~~~~~~~~~~~~~~~~~","Message":"Cannot bind argument to parameter 'Path' because it is null."}

Command      : WebHost.ps1
ScriptName   : C:\SC\PsWebHost\WebHost.ps1
FunctionName : <ScriptBlock>
Line         : 878
Arguments    : {}

Command      : WebHost.ps1
ScriptName   : C:\SC\PsWebHost\WebHost.ps1
FunctionName : <ScriptBlock><End>
Line         : 875
Arguments    : {}


2026-02-10T20:31:48.1187983Z	2026-02-10T14:31:48.1187983-06:00	Error	ErrorArrayCheck	\[WebHost\.PS1]\ \$Error\[12]\ Cannot\ bind\ argument\ to\ parameter\ 'Path'\ because\ it\ is\ null\.\nAt\ C:\\SC\\PsWebHost\\apps\\UI_Uplot\\app_init\.ps1:11\ char:26\r\n\+\ \ \ \ \ DataPath\ =\ Join-Path\ \$Global:PSWebServer\['DataRoot']\ "apps\\UI_Upl\ .\r\n\+\ \ \ \ \ \ \ \ \ \ \ \ \ \ \ \ \ \ \ \ \ \ \ \ \ \ ~~~~~~~~~~~~~~~~~~~~~~~~~~~~~~~	WebHost.ps1	WebHost.ps1				1	{"PositionMessage":"At C:\\SC\\PsWebHost\\apps\\UI_Uplot\\app_init.ps1:11 char:26\r\n+     DataPath = Join-Path $Global:PSWebServer['DataRoot'] \"apps\\UI_Upl .\r\n+                          ~~~~~~~~~~~~~~~~~~~~~~~~~~~~~~~","Message":"Cannot bind argument to parameter 'Path' because it is null."}

Command      : WebHost.ps1
ScriptName   : C:\SC\PsWebHost\WebHost.ps1
FunctionName : <ScriptBlock>
Line         : 878
Arguments    : {}

Command      : WebHost.ps1
ScriptName   : C:\SC\PsWebHost\WebHost.ps1
FunctionName : <ScriptBlock><End>
Line         : 875
Arguments    : {}


2026-02-10T20:31:48.1239438Z	2026-02-10T14:31:48.1239438-06:00	Error	ErrorArrayCheck	\[WebHost\.PS1]\ \$Error\[13]\ Cannot\ bind\ argument\ to\ parameter\ 'Path'\ because\ it\ is\ null\.\nAt\ C:\\SC\\PsWebHost\\apps\\SQLServerManager\\app_init\.ps1:23\ char:26\r\n\+\ \ \ \ \ DataPath\ =\ Join-Path\ \$Global:PSWebServer\['DataRoot']\ "apps\\SQLSer\ .\r\n\+\ \ \ \ \ \ \ \ \ \ \ \ \ \ \ \ \ \ \ \ \ \ \ \ \ \ ~~~~~~~~~~~~~~~~~~~~~~~~~~~~~~~	WebHost.ps1	WebHost.ps1				1	{"PositionMessage":"At C:\\SC\\PsWebHost\\apps\\SQLServerManager\\app_init.ps1:23 char:26\r\n+     DataPath = Join-Path $Global:PSWebServer['DataRoot'] \"apps\\SQLSer .\r\n+                          ~~~~~~~~~~~~~~~~~~~~~~~~~~~~~~~","Message":"Cannot bind argument to parameter 'Path' because it is null."}

Command      : WebHost.ps1
ScriptName   : C:\SC\PsWebHost\WebHost.ps1
FunctionName : <ScriptBlock>
Line         : 878
Arguments    : {}

Command      : WebHost.ps1
ScriptName   : C:\SC\PsWebHost\WebHost.ps1
FunctionName : <ScriptBlock><End>
Line         : 875
Arguments    : {}


2026-02-10T20:31:48.1280431Z	2026-02-10T14:31:48.1280431-06:00	Error	ErrorArrayCheck	\[WebHost\.PS1]\ \$Error\[14]\ Cannot\ bind\ argument\ to\ parameter\ 'Path'\ because\ it\ is\ null\.\nAt\ C:\\SC\\PsWebHost\\apps\\SQLiteManager\\app_init\.ps1:23\ char:26\r\n\+\ \ \ \ \ DataPath\ =\ Join-Path\ \$Global:PSWebServer\['DataRoot']\ "apps\\SQLite\ .\r\n\+\ \ \ \ \ \ \ \ \ \ \ \ \ \ \ \ \ \ \ \ \ \ \ \ \ \ ~~~~~~~~~~~~~~~~~~~~~~~~~~~~~~~	WebHost.ps1	WebHost.ps1				1	{"PositionMessage":"At C:\\SC\\PsWebHost\\apps\\SQLiteManager\\app_init.ps1:23 char:26\r\n+     DataPath = Join-Path $Global:PSWebServer['DataRoot'] \"apps\\SQLite .\r\n+                          ~~~~~~~~~~~~~~~~~~~~~~~~~~~~~~~","Message":"Cannot bind argument to parameter 'Path' because it is null."}

Command      : WebHost.ps1
ScriptName   : C:\SC\PsWebHost\WebHost.ps1
FunctionName : <ScriptBlock>
Line         : 878
Arguments    : {}

Command      : WebHost.ps1
ScriptName   : C:\SC\PsWebHost\WebHost.ps1
FunctionName : <ScriptBlock><End>
Line         : 875
Arguments    : {}


2026-02-10T20:31:48.1308146Z	2026-02-10T14:31:48.1308146-06:00	Error	ErrorArrayCheck	\[WebHost\.PS1]\ \$Error\[15]\ Cannot\ bind\ argument\ to\ parameter\ 'Path'\ because\ it\ is\ null\.\nAt\ C:\\SC\\PsWebHost\\apps\\RedisManager\\app_init\.ps1:23\ char:26\r\n\+\ \ \ \ \ DataPath\ =\ Join-Path\ \$Global:PSWebServer\['DataRoot']\ "apps\\RedisM\ .\r\n\+\ \ \ \ \ \ \ \ \ \ \ \ \ \ \ \ \ \ \ \ \ \ \ \ \ \ ~~~~~~~~~~~~~~~~~~~~~~~~~~~~~~~	WebHost.ps1	WebHost.ps1				1	{"PositionMessage":"At C:\\SC\\PsWebHost\\apps\\RedisManager\\app_init.ps1:23 char:26\r\n+     DataPath = Join-Path $Global:PSWebServer['DataRoot'] \"apps\\RedisM .\r\n+                          ~~~~~~~~~~~~~~~~~~~~~~~~~~~~~~~","Message":"Cannot bind argument to parameter 'Path' because it is null."}

Command      : WebHost.ps1
ScriptName   : C:\SC\PsWebHost\WebHost.ps1
FunctionName : <ScriptBlock>
Line         : 878
Arguments    : {}

Command      : WebHost.ps1
ScriptName   : C:\SC\PsWebHost\WebHost.ps1
FunctionName : <ScriptBlock><End>
Line         : 875
Arguments    : {}


2026-02-10T20:31:48.1332495Z	2026-02-10T14:31:48.1332495-06:00	Error	ErrorArrayCheck	\[WebHost\.PS1]\ \$Error\[16]\ Cannot\ bind\ argument\ to\ parameter\ 'Path'\ because\ it\ is\ null\.\nAt\ C:\\SC\\PsWebHost\\apps\\MySQLManager\\app_init\.ps1:23\ char:26\r\n\+\ \ \ \ \ DataPath\ =\ Join-Path\ \$Global:PSWebServer\['DataRoot']\ "apps\\MySQLM\ .\r\n\+\ \ \ \ \ \ \ \ \ \ \ \ \ \ \ \ \ \ \ \ \ \ \ \ \ \ ~~~~~~~~~~~~~~~~~~~~~~~~~~~~~~~	WebHost.ps1	WebHost.ps1				1	{"PositionMessage":"At C:\\SC\\PsWebHost\\apps\\MySQLManager\\app_init.ps1:23 char:26\r\n+     DataPath = Join-Path $Global:PSWebServer['DataRoot'] \"apps\\MySQLM .\r\n+                          ~~~~~~~~~~~~~~~~~~~~~~~~~~~~~~~","Message":"Cannot bind argument to parameter 'Path' because it is null."}

Command      : WebHost.ps1
ScriptName   : C:\SC\PsWebHost\WebHost.ps1
FunctionName : <ScriptBlock>
Line         : 878
Arguments    : {}

Command      : WebHost.ps1
ScriptName   : C:\SC\PsWebHost\WebHost.ps1
FunctionName : <ScriptBlock><End>
Line         : 875
Arguments    : {}


2026-02-10T20:31:48.1368318Z	2026-02-10T14:31:48.1368318-06:00	Error	ErrorArrayCheck	\[WebHost\.PS1]\ \$Error\[17]\ Cannot\ bind\ argument\ to\ parameter\ 'Path'\ because\ it\ is\ null\.\nAt\ C:\\SC\\PsWebHost\\apps\\LinuxAdmin\\app_init\.ps1:23\ char:26\r\n\+\ \ \ \ \ DataPath\ =\ Join-Path\ \$Global:PSWebServer\['DataRoot']\ "apps\\LinuxA\ .\r\n\+\ \ \ \ \ \ \ \ \ \ \ \ \ \ \ \ \ \ \ \ \ \ \ \ \ \ ~~~~~~~~~~~~~~~~~~~~~~~~~~~~~~~	WebHost.ps1	WebHost.ps1				1	{"PositionMessage":"At C:\\SC\\PsWebHost\\apps\\LinuxAdmin\\app_init.ps1:23 char:26\r\n+     DataPath = Join-Path $Global:PSWebServer['DataRoot'] \"apps\\LinuxA .\r\n+                          ~~~~~~~~~~~~~~~~~~~~~~~~~~~~~~~","Message":"Cannot bind argument to parameter 'Path' because it is null."}

Command      : WebHost.ps1
ScriptName   : C:\SC\PsWebHost\WebHost.ps1
FunctionName : <ScriptBlock>
Line         : 878
Arguments    : {}

Command      : WebHost.ps1
ScriptName   : C:\SC\PsWebHost\WebHost.ps1
FunctionName : <ScriptBlock><End>
Line         : 875
Arguments    : {}


2026-02-10T20:31:48.1394866Z	2026-02-10T14:31:48.1394866-06:00	Error	ErrorArrayCheck	\[WebHost\.PS1]\ \$Error\[18]\ Cannot\ bind\ argument\ to\ parameter\ 'Path'\ because\ it\ is\ null\.\nAt\ C:\\SC\\PsWebHost\\apps\\KubernetesManager\\app_init\.ps1:23\ char:26\r\n\+\ \ \ \ \ DataPath\ =\ Join-Path\ \$Global:PSWebServer\['DataRoot']\ "apps\\Kubern\ .\r\n\+\ \ \ \ \ \ \ \ \ \ \ \ \ \ \ \ \ \ \ \ \ \ \ \ \ \ ~~~~~~~~~~~~~~~~~~~~~~~~~~~~~~~	WebHost.ps1	WebHost.ps1				1	{"PositionMessage":"At C:\\SC\\PsWebHost\\apps\\KubernetesManager\\app_init.ps1:23 char:26\r\n+     DataPath = Join-Path $Global:PSWebServer['DataRoot'] \"apps\\Kubern .\r\n+                          ~~~~~~~~~~~~~~~~~~~~~~~~~~~~~~~","Message":"Cannot bind argument to parameter 'Path' because it is null."}

Command      : WebHost.ps1
ScriptName   : C:\SC\PsWebHost\WebHost.ps1
FunctionName : <ScriptBlock>
Line         : 878
Arguments    : {}

Command      : WebHost.ps1
ScriptName   : C:\SC\PsWebHost\WebHost.ps1
FunctionName : <ScriptBlock><End>
Line         : 875
Arguments    : {}


2026-02-10T20:31:48.1419651Z	2026-02-10T14:31:48.1419651-06:00	Error	ErrorArrayCheck	\[WebHost\.PS1]\ \$Error\[19]\ Cannot\ bind\ argument\ to\ parameter\ 'Path'\ because\ it\ is\ null\.\nAt\ C:\\SC\\PsWebHost\\apps\\DockerManager\\app_init\.ps1:23\ char:26\r\n\+\ \ \ \ \ DataPath\ =\ Join-Path\ \$Global:PSWebServer\['DataRoot']\ "apps\\Docker\ .\r\n\+\ \ \ \ \ \ \ \ \ \ \ \ \ \ \ \ \ \ \ \ \ \ \ \ \ \ ~~~~~~~~~~~~~~~~~~~~~~~~~~~~~~~	WebHost.ps1	WebHost.ps1				1	{"PositionMessage":"At C:\\SC\\PsWebHost\\apps\\DockerManager\\app_init.ps1:23 char:26\r\n+     DataPath = Join-Path $Global:PSWebServer['DataRoot'] \"apps\\Docker .\r\n+                          ~~~~~~~~~~~~~~~~~~~~~~~~~~~~~~~","Message":"Cannot bind argument to parameter 'Path' because it is null."}

Command      : WebHost.ps1
ScriptName   : C:\SC\PsWebHost\WebHost.ps1
FunctionName : <ScriptBlock>
Line         : 878
Arguments    : {}

Command      : WebHost.ps1
ScriptName   : C:\SC\PsWebHost\WebHost.ps1
FunctionName : <ScriptBlock><End>
Line         : 875
Arguments    : {}


2026-02-10T20:31:53.9959704Z	2026-02-10T14:31:53.9959704-06:00	Error	ErrorArrayCheck	\[WebHost\.PS1]\ \$Error\[0]\ Not\ supported\ \nAt\ C:\\SC\\PsWebHost\\apps\\WebHostMetrics\\modules\\PSWebHost_Metrics\\PSWebHost_Metrics\.psm1:401\ char:26\r\n\+\ .\ \ \ \ \$temps\ =\ Get-CimInstance\ -Namespace\ root/wmi\ -ClassName\ MSAcpi_The\ .\r\n\+\ \ \ \ \ \ \ \ \ \ \ \ \ \ \ ~~~~~~~~~~~~~~~~~~~~~~~~~~~~~~~~~~~~~~~~~~~~~~~~~~~~~~~~~	WebHost.ps1	WebHost.ps1				1	{"PositionMessage":"At C:\\SC\\PsWebHost\\apps\\WebHostMetrics\\modules\\PSWebHost_Metrics\\PSWebHost_Metrics.psm1:401 char:26\r\n+ .    $temps = Get-CimInstance -Namespace root/wmi -ClassName MSAcpi_The .\r\n+               ~~~~~~~~~~~~~~~~~~~~~~~~~~~~~~~~~~~~~~~~~~~~~~~~~~~~~~~~~","Message":"Not supported "}

[32;1mLastWriteTime : [0m1/27/2026 12:32:53 AM
[32;1mLength        : [0m1065
[32;1mName          : [0mPSWebHost_Support.psd1


[32;1mLastWriteTime : [0m2/10/2026 2:32:31 PM
[32;1mLength        : [0m77873
[32;1mName          : [0mPSWebHost_Support.psm1


[32;1mLastWriteTime : [0m12/29/2025 5:14:13 PM
[32;1mLength        : [0m18738
[32;1mName          : [0mPSWebHost_Support.psm1.md


Command      : WebHost.ps1
ScriptName   : C:\SC\PsWebHost\WebHost.ps1
FunctionName : <ScriptBlock><End>
Line         : 872
Arguments    : {}


2026-02-10T20:32:33.8994071Z	2026-02-10T14:32:33.8994071-06:00	Error	RequestHandler	\[WebHost\.PS1]\ A\ terminating\ error\ occurred\ while\ processing\ a\ synchronous\ request:\ A\ parameter\ cannot\ be\ found\ that\ matches\ parameter\ name\ 'Request'\.\nAt\ C:\\SC\\PsWebHost\\WebHost\.ps1:870\ char:17\r\n\+\ .\ \ \ \ \ \ \ \ \ \ \ \ \ Process-HttpRequest\ -Context\ \$context\ -HostUIQueue\ \$globa\ .\r\n\+\ \ \ \ \ \ \ \ \ \ \ \ \ \ \ ~~~~~~~~~~~~~~~~~~~~~~~~~~~~~~~~~~~~~~~~~~~~~~~~~~~~~~~~~	WebHost.ps1::<ScriptBlock><End>	<ScriptBlock><End>				1	{"PositionMessage":"At C:\\SC\\PsWebHost\\WebHost.ps1:870 char:17\r\n+ .             Process-HttpRequest -Context $context -HostUIQueue $globa .\r\n+               ~~~~~~~~~~~~~~~~~~~~~~~~~~~~~~~~~~~~~~~~~~~~~~~~~~~~~~~~~","Message":"A parameter cannot be found that matches parameter name 'Request'."}

Command      : WebHost.ps1
ScriptName   : C:\SC\PsWebHost\WebHost.ps1
FunctionName : <ScriptBlock>
Line         : 878
Arguments    : {}

Command      : WebHost.ps1
ScriptName   : C:\SC\PsWebHost\WebHost.ps1
FunctionName : <ScriptBlock><End>
Line         : 875
Arguments    : {}


2026-02-10T20:32:33.9023530Z	2026-02-10T14:32:33.9023530-06:00	Error	ErrorArrayCheck	\[WebHost\.PS1]\ \$Error\[0]\ A\ parameter\ cannot\ be\ found\ that\ matches\ parameter\ name\ 'Request'\.\nAt\ C:\\SC\\PsWebHost\\modules\\PSWebHost_Support\\PSWebHost_Support\.psm1:1204\ char:77\r\n\+\ .\ RequestRoute\ -Context\ \$Context\ -SessionID\ \$sessionID\ -Request\ \$reques\ .\r\n\+\ \ \ \ \ \ \ \ \ \ \ \ \ \ \ \ \ \ \ \ \ \ \ \ \ \ \ \ \ \ \ \ \ \ \ \ \ \ \ \ \ \ \ \ \ \ \ \ \ \ \ \ \ \ \ \ ~~~~~~~~	WebHost.ps1	WebHost.ps1				1	{"PositionMessage":"At C:\\SC\\PsWebHost\\modules\\PSWebHost_Support\\PSWebHost_Support.psm1:1204 char:77\r\n+ . RequestRoute -Context $Context -SessionID $sessionID -Request $reques .\r\n+                                                        ~~~~~~~~","Message":"A parameter cannot be found that matches parameter name 'Request'."}

Command      : WebHost.ps1
ScriptName   : C:\SC\PsWebHost\WebHost.ps1
FunctionName : <ScriptBlock><End>
Line         : 872
Arguments    : {}


2026-02-10T20:32:34.9885451Z	2026-02-10T14:32:34.9885451-06:00	Error	RequestHandler	\[WebHost\.PS1]\ A\ terminating\ error\ occurred\ while\ processing\ a\ synchronous\ request:\ A\ parameter\ cannot\ be\ found\ that\ matches\ parameter\ name\ 'Request'\.\nAt\ C:\\SC\\PsWebHost\\WebHost\.ps1:870\ char:17\r\n\+\ .\ \ \ \ \ \ \ \ \ \ \ \ \ Process-HttpRequest\ -Context\ \$context\ -HostUIQueue\ \$globa\ .\r\n\+\ \ \ \ \ \ \ \ \ \ \ \ \ \ \ ~~~~~~~~~~~~~~~~~~~~~~~~~~~~~~~~~~~~~~~~~~~~~~~~~~~~~~~~~	WebHost.ps1::<ScriptBlock><End>	<ScriptBlock><End>				1	{"PositionMessage":"At C:\\SC\\PsWebHost\\WebHost.ps1:870 char:17\r\n+ .             Process-HttpRequest -Context $context -HostUIQueue $globa .\r\n+               ~~~~~~~~~~~~~~~~~~~~~~~~~~~~~~~~~~~~~~~~~~~~~~~~~~~~~~~~~","Message":"A parameter cannot be found that matches parameter name 'Request'."}

Command      : WebHost.ps1
ScriptName   : C:\SC\PsWebHost\WebHost.ps1
FunctionName : <ScriptBlock>
Line         : 878
Arguments    : {}

Command      : WebHost.ps1
ScriptName   : C:\SC\PsWebHost\WebHost.ps1
FunctionName : <ScriptBlock><End>
Line         : 875
Arguments    : {}


2026-02-10T20:32:34.9901731Z	2026-02-10T14:32:34.9901731-06:00	Error	ErrorArrayCheck	\[WebHost\.PS1]\ \$Error\[0]\ A\ parameter\ cannot\ be\ found\ that\ matches\ parameter\ name\ 'Request'\.\nAt\ C:\\SC\\PsWebHost\\modules\\PSWebHost_Support\\PSWebHost_Support\.psm1:1204\ char:77\r\n\+\ .\ RequestRoute\ -Context\ \$Context\ -SessionID\ \$sessionID\ -Request\ \$reques\ .\r\n\+\ \ \ \ \ \ \ \ \ \ \ \ \ \ \ \ \ \ \ \ \ \ \ \ \ \ \ \ \ \ \ \ \ \ \ \ \ \ \ \ \ \ \ \ \ \ \ \ \ \ \ \ \ \ \ \ ~~~~~~~~	WebHost.ps1	WebHost.ps1				1	{"PositionMessage":"At C:\\SC\\PsWebHost\\modules\\PSWebHost_Support\\PSWebHost_Support.psm1:1204 char:77\r\n+ . RequestRoute -Context $Context -SessionID $sessionID -Request $reques .\r\n+                                                        ~~~~~~~~","Message":"A parameter cannot be found that matches parameter name 'Request'."}

Command      : WebHost.ps1
ScriptName   : C:\SC\PsWebHost\WebHost.ps1
FunctionName : <ScriptBlock><End>
Line         : 872
Arguments    : {}


2026-02-10T20:32:36.9917663Z	2026-02-10T14:32:36.9917663-06:00	Error	RequestHandler	\[WebHost\.PS1]\ A\ terminating\ error\ occurred\ while\ processing\ a\ synchronous\ request:\ A\ parameter\ cannot\ be\ found\ that\ matches\ parameter\ name\ 'Request'\.\nAt\ C:\\SC\\PsWebHost\\WebHost\.ps1:870\ char:17\r\n\+\ .\ \ \ \ \ \ \ \ \ \ \ \ \ Process-HttpRequest\ -Context\ \$context\ -HostUIQueue\ \$globa\ .\r\n\+\ \ \ \ \ \ \ \ \ \ \ \ \ \ \ ~~~~~~~~~~~~~~~~~~~~~~~~~~~~~~~~~~~~~~~~~~~~~~~~~~~~~~~~~	WebHost.ps1::<ScriptBlock><End>	<ScriptBlock><End>				1	{"PositionMessage":"At C:\\SC\\PsWebHost\\WebHost.ps1:870 char:17\r\n+ .             Process-HttpRequest -Context $context -HostUIQueue $globa .\r\n+               ~~~~~~~~~~~~~~~~~~~~~~~~~~~~~~~~~~~~~~~~~~~~~~~~~~~~~~~~~","Message":"A parameter cannot be found that matches parameter name 'Request'."}

Command      : WebHost.ps1
ScriptName   : C:\SC\PsWebHost\WebHost.ps1
FunctionName : <ScriptBlock>
Line         : 878
Arguments    : {}

Command      : WebHost.ps1
ScriptName   : C:\SC\PsWebHost\WebHost.ps1
FunctionName : <ScriptBlock><End>
Line         : 875
Arguments    : {}


2026-02-10T20:32:36.9941822Z	2026-02-10T14:32:36.9941822-06:00	Error	ErrorArrayCheck	\[WebHost\.PS1]\ \$Error\[0]\ A\ parameter\ cannot\ be\ found\ that\ matches\ parameter\ name\ 'Request'\.\nAt\ C:\\SC\\PsWebHost\\modules\\PSWebHost_Support\\PSWebHost_Support\.psm1:1204\ char:77\r\n\+\ .\ RequestRoute\ -Context\ \$Context\ -SessionID\ \$sessionID\ -Request\ \$reques\ .\r\n\+\ \ \ \ \ \ \ \ \ \ \ \ \ \ \ \ \ \ \ \ \ \ \ \ \ \ \ \ \ \ \ \ \ \ \ \ \ \ \ \ \ \ \ \ \ \ \ \ \ \ \ \ \ \ \ \ ~~~~~~~~	WebHost.ps1	WebHost.ps1				1	{"PositionMessage":"At C:\\SC\\PsWebHost\\modules\\PSWebHost_Support\\PSWebHost_Support.psm1:1204 char:77\r\n+ . RequestRoute -Context $Context -SessionID $sessionID -Request $reques .\r\n+                                                        ~~~~~~~~","Message":"A parameter cannot be found that matches parameter name 'Request'."}

Command      : WebHost.ps1
ScriptName   : C:\SC\PsWebHost\WebHost.ps1
FunctionName : <ScriptBlock><End>
Line         : 872
Arguments    : {}


2026-02-10T20:32:37.0081798Z	2026-02-10T14:32:37.0081798-06:00	Error	RequestHandler	\[WebHost\.PS1]\ A\ terminating\ error\ occurred\ while\ processing\ a\ synchronous\ request:\ A\ parameter\ cannot\ be\ found\ that\ matches\ parameter\ name\ 'Request'\.\nAt\ C:\\SC\\PsWebHost\\WebHost\.ps1:870\ char:17\r\n\+\ .\ \ \ \ \ \ \ \ \ \ \ \ \ Process-HttpRequest\ -Context\ \$context\ -HostUIQueue\ \$globa\ .\r\n\+\ \ \ \ \ \ \ \ \ \ \ \ \ \ \ ~~~~~~~~~~~~~~~~~~~~~~~~~~~~~~~~~~~~~~~~~~~~~~~~~~~~~~~~~	WebHost.ps1::<ScriptBlock><End>	<ScriptBlock><End>				1	{"PositionMessage":"At C:\\SC\\PsWebHost\\WebHost.ps1:870 char:17\r\n+ .             Process-HttpRequest -Context $context -HostUIQueue $globa .\r\n+               ~~~~~~~~~~~~~~~~~~~~~~~~~~~~~~~~~~~~~~~~~~~~~~~~~~~~~~~~~","Message":"A parameter cannot be found that matches parameter name 'Request'."}

Command      : WebHost.ps1
ScriptName   : C:\SC\PsWebHost\WebHost.ps1
FunctionName : <ScriptBlock>
Line         : 878
Arguments    : {}

Command      : WebHost.ps1
ScriptName   : C:\SC\PsWebHost\WebHost.ps1
FunctionName : <ScriptBlock><End>
Line         : 875
Arguments    : {}


2026-02-10T20:32:37.0105204Z	2026-02-10T14:32:37.0105204-06:00	Error	ErrorArrayCheck	\[WebHost\.PS1]\ \$Error\[0]\ A\ parameter\ cannot\ be\ found\ that\ matches\ parameter\ name\ 'Request'\.\nAt\ C:\\SC\\PsWebHost\\modules\\PSWebHost_Support\\PSWebHost_Support\.psm1:1204\ char:77\r\n\+\ .\ RequestRoute\ -Context\ \$Context\ -SessionID\ \$sessionID\ -Request\ \$reques\ .\r\n\+\ \ \ \ \ \ \ \ \ \ \ \ \ \ \ \ \ \ \ \ \ \ \ \ \ \ \ \ \ \ \ \ \ \ \ \ \ \ \ \ \ \ \ \ \ \ \ \ \ \ \ \ \ \ \ \ ~~~~~~~~	WebHost.ps1	WebHost.ps1				1	{"PositionMessage":"At C:\\SC\\PsWebHost\\modules\\PSWebHost_Support\\PSWebHost_Support.psm1:1204 char:77\r\n+ . RequestRoute -Context $Context -SessionID $sessionID -Request $reques .\r\n+                                                        ~~~~~~~~","Message":"A parameter cannot be found that matches parameter name 'Request'."}

Command      : WebHost.ps1
ScriptName   : C:\SC\PsWebHost\WebHost.ps1
FunctionName : <ScriptBlock><End>
Line         : 872
Arguments    : {}


2026-02-10T20:32:40.0123960Z	2026-02-10T14:32:40.0123960-06:00	Error	RequestHandler	\[WebHost\.PS1]\ A\ terminating\ error\ occurred\ while\ processing\ a\ synchronous\ request:\ A\ parameter\ cannot\ be\ found\ that\ matches\ parameter\ name\ 'Request'\.\nAt\ C:\\SC\\PsWebHost\\WebHost\.ps1:870\ char:17\r\n\+\ .\ \ \ \ \ \ \ \ \ \ \ \ \ Process-HttpRequest\ -Context\ \$context\ -HostUIQueue\ \$globa\ .\r\n\+\ \ \ \ \ \ \ \ \ \ \ \ \ \ \ ~~~~~~~~~~~~~~~~~~~~~~~~~~~~~~~~~~~~~~~~~~~~~~~~~~~~~~~~~	WebHost.ps1::<ScriptBlock><End>	<ScriptBlock><End>				1	{"PositionMessage":"At C:\\SC\\PsWebHost\\WebHost.ps1:870 char:17\r\n+ .             Process-HttpRequest -Context $context -HostUIQueue $globa .\r\n+               ~~~~~~~~~~~~~~~~~~~~~~~~~~~~~~~~~~~~~~~~~~~~~~~~~~~~~~~~~","Message":"A parameter cannot be found that matches parameter name 'Request'."}

Command      : WebHost.ps1
ScriptName   : C:\SC\PsWebHost\WebHost.ps1
FunctionName : <ScriptBlock>
Line         : 878
Arguments    : {}

Command      : WebHost.ps1
ScriptName   : C:\SC\PsWebHost\WebHost.ps1
FunctionName : <ScriptBlock><End>
Line         : 875
Arguments    : {}


2026-02-10T20:32:40.0143576Z	2026-02-10T14:32:40.0143576-06:00	Error	ErrorArrayCheck	\[WebHost\.PS1]\ \$Error\[0]\ A\ parameter\ cannot\ be\ found\ that\ matches\ parameter\ name\ 'Request'\.\nAt\ C:\\SC\\PsWebHost\\modules\\PSWebHost_Support\\PSWebHost_Support\.psm1:1204\ char:77\r\n\+\ .\ RequestRoute\ -Context\ \$Context\ -SessionID\ \$sessionID\ -Request\ \$reques\ .\r\n\+\ \ \ \ \ \ \ \ \ \ \ \ \ \ \ \ \ \ \ \ \ \ \ \ \ \ \ \ \ \ \ \ \ \ \ \ \ \ \ \ \ \ \ \ \ \ \ \ \ \ \ \ \ \ \ \ ~~~~~~~~	WebHost.ps1	WebHost.ps1				1	{"PositionMessage":"At C:\\SC\\PsWebHost\\modules\\PSWebHost_Support\\PSWebHost_Support.psm1:1204 char:77\r\n+ . RequestRoute -Context $Context -SessionID $sessionID -Request $reques .\r\n+                                                        ~~~~~~~~","Message":"A parameter cannot be found that matches parameter name 'Request'."}
	Logging: 2026-02-10T20:33:10.9590865Z	2026-02-10T14:33:10.9590865-06:00	Info	MetricsData	Track_HashTables	WebHost.ps1	ProcessLogQueue		Webhost	MainLoop	1	{"args":{"Name":"args","Count":0,"LastSeen":"2026-02-10T14:33:10.9586655-06:00"}}

Command      : WebHost.ps1
ScriptName   : C:\SC\PsWebHost\WebHost.ps1
FunctionName : <ScriptBlock><End>
Line         : 872
Arguments    : {}


2026-02-10T20:33:33.5452005Z	2026-02-10T14:33:33.5452005-06:00	Error	RequestHandler	\[WebHost\.PS1]\ A\ terminating\ error\ occurred\ while\ processing\ a\ synchronous\ request:\ A\ parameter\ cannot\ be\ found\ that\ matches\ parameter\ name\ 'Request'\.\nAt\ C:\\SC\\PsWebHost\\WebHost\.ps1:870\ char:17\r\n\+\ .\ \ \ \ \ \ \ \ \ \ \ \ \ Process-HttpRequest\ -Context\ \$context\ -HostUIQueue\ \$globa\ .\r\n\+\ \ \ \ \ \ \ \ \ \ \ \ \ \ \ ~~~~~~~~~~~~~~~~~~~~~~~~~~~~~~~~~~~~~~~~~~~~~~~~~~~~~~~~~	WebHost.ps1::<ScriptBlock><End>	<ScriptBlock><End>				1	{"PositionMessage":"At C:\\SC\\PsWebHost\\WebHost.ps1:870 char:17\r\n+ .             Process-HttpRequest -Context $context -HostUIQueue $globa .\r\n+               ~~~~~~~~~~~~~~~~~~~~~~~~~~~~~~~~~~~~~~~~~~~~~~~~~~~~~~~~~","Message":"A parameter cannot be found that matches parameter name 'Request'."}

Command      : WebHost.ps1
ScriptName   : C:\SC\PsWebHost\WebHost.ps1
FunctionName : <ScriptBlock>
Line         : 878
Arguments    : {}

Command      : WebHost.ps1
ScriptName   : C:\SC\PsWebHost\WebHost.ps1
FunctionName : <ScriptBlock><End>
Line         : 875
Arguments    : {}


2026-02-10T20:33:33.5470893Z	2026-02-10T14:33:33.5470893-06:00	Error	ErrorArrayCheck	\[WebHost\.PS1]\ \$Error\[0]\ A\ parameter\ cannot\ be\ found\ that\ matches\ parameter\ name\ 'Request'\.\nAt\ C:\\SC\\PsWebHost\\modules\\PSWebHost_Support\\PSWebHost_Support\.psm1:1204\ char:77\r\n\+\ .\ RequestRoute\ -Context\ \$Context\ -SessionID\ \$sessionID\ -Request\ \$reques\ .\r\n\+\ \ \ \ \ \ \ \ \ \ \ \ \ \ \ \ \ \ \ \ \ \ \ \ \ \ \ \ \ \ \ \ \ \ \ \ \ \ \ \ \ \ \ \ \ \ \ \ \ \ \ \ \ \ \ \ ~~~~~~~~	WebHost.ps1	WebHost.ps1				1	{"PositionMessage":"At C:\\SC\\PsWebHost\\modules\\PSWebHost_Support\\PSWebHost_Support.psm1:1204 char:77\r\n+ . RequestRoute -Context $Context -SessionID $sessionID -Request $reques .\r\n+                                                        ~~~~~~~~","Message":"A parameter cannot be found that matches parameter name 'Request'."}

Command      : WebHost.ps1
ScriptName   : C:\SC\PsWebHost\WebHost.ps1
FunctionName : <ScriptBlock><End>
Line         : 872
Arguments    : {}


2026-02-23T07:56:29.3699216Z	2026-02-23T01:56:29.3699216-06:00	Error	RequestHandler	\[WebHost\.PS1]\ A\ terminating\ error\ occurred\ while\ processing\ a\ synchronous\ request:\ A\ parameter\ cannot\ be\ found\ that\ matches\ parameter\ name\ 'Request'\.\nAt\ C:\\SC\\PsWebHost\\WebHost\.ps1:870\ char:17\r\n\+\ .\ \ \ \ \ \ \ \ \ \ \ \ \ Process-HttpRequest\ -Context\ \$context\ -HostUIQueue\ \$globa\ .\r\n\+\ \ \ \ \ \ \ \ \ \ \ \ \ \ \ ~~~~~~~~~~~~~~~~~~~~~~~~~~~~~~~~~~~~~~~~~~~~~~~~~~~~~~~~~	WebHost.ps1::<ScriptBlock><End>	<ScriptBlock><End>				1	{"PositionMessage":"At C:\\SC\\PsWebHost\\WebHost.ps1:870 char:17\r\n+ .             Process-HttpRequest -Context $context -HostUIQueue $globa .\r\n+               ~~~~~~~~~~~~~~~~~~~~~~~~~~~~~~~~~~~~~~~~~~~~~~~~~~~~~~~~~","Message":"A parameter cannot be found that matches parameter name 'Request'."}

Command      : WebHost.ps1
ScriptName   : C:\SC\PsWebHost\WebHost.ps1
FunctionName : <ScriptBlock>
Line         : 878
Arguments    : {}

Command      : WebHost.ps1
ScriptName   : C:\SC\PsWebHost\WebHost.ps1
FunctionName : <ScriptBlock><End>
Line         : 875
Arguments    : {}


2026-02-23T07:56:29.3729250Z	2026-02-23T01:56:29.3729250-06:00	Error	ErrorArrayCheck	\[WebHost\.PS1]\ \$Error\[0]\ A\ parameter\ cannot\ be\ found\ that\ matches\ parameter\ name\ 'Request'\.\nAt\ C:\\SC\\PsWebHost\\modules\\PSWebHost_Support\\PSWebHost_Support\.psm1:1204\ char:77\r\n\+\ .\ RequestRoute\ -Context\ \$Context\ -SessionID\ \$sessionID\ -Request\ \$reques\ .\r\n\+\ \ \ \ \ \ \ \ \ \ \ \ \ \ \ \ \ \ \ \ \ \ \ \ \ \ \ \ \ \ \ \ \ \ \ \ \ \ \ \ \ \ \ \ \ \ \ \ \ \ \ \ \ \ \ \ ~~~~~~~~	WebHost.ps1	WebHost.ps1				1	{"PositionMessage":"At C:\\SC\\PsWebHost\\modules\\PSWebHost_Support\\PSWebHost_Support.psm1:1204 char:77\r\n+ . RequestRoute -Context $Context -SessionID $sessionID -Request $reques .\r\n+                                                        ~~~~~~~~","Message":"A parameter cannot be found that matches parameter name 'Request'."}

Command      : WebHost.ps1
ScriptName   : C:\SC\PsWebHost\WebHost.ps1
FunctionName : <ScriptBlock><End>
Line         : 872
Arguments    : {}


2026-02-23T07:56:32.7647315Z	2026-02-23T01:56:32.7647315-06:00	Error	RequestHandler	\[WebHost\.PS1]\ A\ terminating\ error\ occurred\ while\ processing\ a\ synchronous\ request:\ A\ parameter\ cannot\ be\ found\ that\ matches\ parameter\ name\ 'Request'\.\nAt\ C:\\SC\\PsWebHost\\WebHost\.ps1:870\ char:17\r\n\+\ .\ \ \ \ \ \ \ \ \ \ \ \ \ Process-HttpRequest\ -Context\ \$context\ -HostUIQueue\ \$globa\ .\r\n\+\ \ \ \ \ \ \ \ \ \ \ \ \ \ \ ~~~~~~~~~~~~~~~~~~~~~~~~~~~~~~~~~~~~~~~~~~~~~~~~~~~~~~~~~	WebHost.ps1::<ScriptBlock><End>	<ScriptBlock><End>				1	{"PositionMessage":"At C:\\SC\\PsWebHost\\WebHost.ps1:870 char:17\r\n+ .             Process-HttpRequest -Context $context -HostUIQueue $globa .\r\n+               ~~~~~~~~~~~~~~~~~~~~~~~~~~~~~~~~~~~~~~~~~~~~~~~~~~~~~~~~~","Message":"A parameter cannot be found that matches parameter name 'Request'."}

Command      : WebHost.ps1
ScriptName   : C:\SC\PsWebHost\WebHost.ps1
FunctionName : <ScriptBlock>
Line         : 878
Arguments    : {}

Command      : WebHost.ps1
ScriptName   : C:\SC\PsWebHost\WebHost.ps1
FunctionName : <ScriptBlock><End>
Line         : 875
Arguments    : {}


2026-02-23T07:56:32.7662152Z	2026-02-23T01:56:32.7662152-06:00	Error	ErrorArrayCheck	\[WebHost\.PS1]\ \$Error\[0]\ A\ parameter\ cannot\ be\ found\ that\ matches\ parameter\ name\ 'Request'\.\nAt\ C:\\SC\\PsWebHost\\modules\\PSWebHost_Support\\PSWebHost_Support\.psm1:1204\ char:77\r\n\+\ .\ RequestRoute\ -Context\ \$Context\ -SessionID\ \$sessionID\ -Request\ \$reques\ .\r\n\+\ \ \ \ \ \ \ \ \ \ \ \ \ \ \ \ \ \ \ \ \ \ \ \ \ \ \ \ \ \ \ \ \ \ \ \ \ \ \ \ \ \ \ \ \ \ \ \ \ \ \ \ \ \ \ \ ~~~~~~~~	WebHost.ps1	WebHost.ps1				1	{"PositionMessage":"At C:\\SC\\PsWebHost\\modules\\PSWebHost_Support\\PSWebHost_Support.psm1:1204 char:77\r\n+ . RequestRoute -Context $Context -SessionID $sessionID -Request $reques .\r\n+                                                        ~~~~~~~~","Message":"A parameter cannot be found that matches parameter name 'Request'."}

Command      : WebHost.ps1
ScriptName   : C:\SC\PsWebHost\WebHost.ps1
FunctionName : <ScriptBlock><End>
Line         : 872
Arguments    : {}


2026-02-23T07:56:32.7748164Z	2026-02-23T01:56:32.7748164-06:00	Error	RequestHandler	\[WebHost\.PS1]\ A\ terminating\ error\ occurred\ while\ processing\ a\ synchronous\ request:\ A\ parameter\ cannot\ be\ found\ that\ matches\ parameter\ name\ 'Request'\.\nAt\ C:\\SC\\PsWebHost\\WebHost\.ps1:870\ char:17\r\n\+\ .\ \ \ \ \ \ \ \ \ \ \ \ \ Process-HttpRequest\ -Context\ \$context\ -HostUIQueue\ \$globa\ .\r\n\+\ \ \ \ \ \ \ \ \ \ \ \ \ \ \ ~~~~~~~~~~~~~~~~~~~~~~~~~~~~~~~~~~~~~~~~~~~~~~~~~~~~~~~~~	WebHost.ps1::<ScriptBlock><End>	<ScriptBlock><End>				1	{"PositionMessage":"At C:\\SC\\PsWebHost\\WebHost.ps1:870 char:17\r\n+ .             Process-HttpRequest -Context $context -HostUIQueue $globa .\r\n+               ~~~~~~~~~~~~~~~~~~~~~~~~~~~~~~~~~~~~~~~~~~~~~~~~~~~~~~~~~","Message":"A parameter cannot be found that matches parameter name 'Request'."}

Command      : WebHost.ps1
ScriptName   : C:\SC\PsWebHost\WebHost.ps1
FunctionName : <ScriptBlock>
Line         : 878
Arguments    : {}

Command      : WebHost.ps1
ScriptName   : C:\SC\PsWebHost\WebHost.ps1
FunctionName : <ScriptBlock><End>
Line         : 875
Arguments    : {}


2026-02-23T07:56:32.7797231Z	2026-02-23T01:56:32.7797231-06:00	Error	ErrorArrayCheck	\[WebHost\.PS1]\ \$Error\[0]\ A\ parameter\ cannot\ be\ found\ that\ matches\ parameter\ name\ 'Request'\.\nAt\ C:\\SC\\PsWebHost\\modules\\PSWebHost_Support\\PSWebHost_Support\.psm1:1204\ char:77\r\n\+\ .\ RequestRoute\ -Context\ \$Context\ -SessionID\ \$sessionID\ -Request\ \$reques\ .\r\n\+\ \ \ \ \ \ \ \ \ \ \ \ \ \ \ \ \ \ \ \ \ \ \ \ \ \ \ \ \ \ \ \ \ \ \ \ \ \ \ \ \ \ \ \ \ \ \ \ \ \ \ \ \ \ \ \ ~~~~~~~~	WebHost.ps1	WebHost.ps1				1	{"PositionMessage":"At C:\\SC\\PsWebHost\\modules\\PSWebHost_Support\\PSWebHost_Support.psm1:1204 char:77\r\n+ . RequestRoute -Context $Context -SessionID $sessionID -Request $reques .\r\n+                                                        ~~~~~~~~","Message":"A parameter cannot be found that matches parameter name 'Request'."}

Command      : WebHost.ps1
ScriptName   : C:\SC\PsWebHost\WebHost.ps1
FunctionName : <ScriptBlock><End>
Line         : 872
Arguments    : {}


2026-02-23T07:56:32.7823946Z	2026-02-23T01:56:32.7823946-06:00	Error	RequestHandler	\[WebHost\.PS1]\ A\ terminating\ error\ occurred\ while\ processing\ a\ synchronous\ request:\ A\ parameter\ cannot\ be\ found\ that\ matches\ parameter\ name\ 'Request'\.\nAt\ C:\\SC\\PsWebHost\\WebHost\.ps1:870\ char:17\r\n\+\ .\ \ \ \ \ \ \ \ \ \ \ \ \ Process-HttpRequest\ -Context\ \$context\ -HostUIQueue\ \$globa\ .\r\n\+\ \ \ \ \ \ \ \ \ \ \ \ \ \ \ ~~~~~~~~~~~~~~~~~~~~~~~~~~~~~~~~~~~~~~~~~~~~~~~~~~~~~~~~~	WebHost.ps1::<ScriptBlock><End>	<ScriptBlock><End>				1	{"PositionMessage":"At C:\\SC\\PsWebHost\\WebHost.ps1:870 char:17\r\n+ .             Process-HttpRequest -Context $context -HostUIQueue $globa .\r\n+               ~~~~~~~~~~~~~~~~~~~~~~~~~~~~~~~~~~~~~~~~~~~~~~~~~~~~~~~~~","Message":"A parameter cannot be found that matches parameter name 'Request'."}

Command      : WebHost.ps1
ScriptName   : C:\SC\PsWebHost\WebHost.ps1
FunctionName : <ScriptBlock>
Line         : 878
Arguments    : {}

Command      : WebHost.ps1
ScriptName   : C:\SC\PsWebHost\WebHost.ps1
FunctionName : <ScriptBlock><End>
Line         : 875
Arguments    : {}


2026-02-23T07:56:32.7836719Z	2026-02-23T01:56:32.7836719-06:00	Error	ErrorArrayCheck	\[WebHost\.PS1]\ \$Error\[0]\ A\ parameter\ cannot\ be\ found\ that\ matches\ parameter\ name\ 'Request'\.\nAt\ C:\\SC\\PsWebHost\\modules\\PSWebHost_Support\\PSWebHost_Support\.psm1:1204\ char:77\r\n\+\ .\ RequestRoute\ -Context\ \$Context\ -SessionID\ \$sessionID\ -Request\ \$reques\ .\r\n\+\ \ \ \ \ \ \ \ \ \ \ \ \ \ \ \ \ \ \ \ \ \ \ \ \ \ \ \ \ \ \ \ \ \ \ \ \ \ \ \ \ \ \ \ \ \ \ \ \ \ \ \ \ \ \ \ ~~~~~~~~	WebHost.ps1	WebHost.ps1				1	{"PositionMessage":"At C:\\SC\\PsWebHost\\modules\\PSWebHost_Support\\PSWebHost_Support.psm1:1204 char:77\r\n+ . RequestRoute -Context $Context -SessionID $sessionID -Request $reques .\r\n+                                                        ~~~~~~~~","Message":"A parameter cannot be found that matches parameter name 'Request'."}

Command      : WebHost.ps1
ScriptName   : C:\SC\PsWebHost\WebHost.ps1
FunctionName : <ScriptBlock><End>
Line         : 872
Arguments    : {}


2026-02-23T07:56:32.7857703Z	2026-02-23T01:56:32.7857703-06:00	Error	RequestHandler	\[WebHost\.PS1]\ A\ terminating\ error\ occurred\ while\ processing\ a\ synchronous\ request:\ A\ parameter\ cannot\ be\ found\ that\ matches\ parameter\ name\ 'Request'\.\nAt\ C:\\SC\\PsWebHost\\WebHost\.ps1:870\ char:17\r\n\+\ .\ \ \ \ \ \ \ \ \ \ \ \ \ Process-HttpRequest\ -Context\ \$context\ -HostUIQueue\ \$globa\ .\r\n\+\ \ \ \ \ \ \ \ \ \ \ \ \ \ \ ~~~~~~~~~~~~~~~~~~~~~~~~~~~~~~~~~~~~~~~~~~~~~~~~~~~~~~~~~	WebHost.ps1::<ScriptBlock><End>	<ScriptBlock><End>				1	{"PositionMessage":"At C:\\SC\\PsWebHost\\WebHost.ps1:870 char:17\r\n+ .             Process-HttpRequest -Context $context -HostUIQueue $globa .\r\n+               ~~~~~~~~~~~~~~~~~~~~~~~~~~~~~~~~~~~~~~~~~~~~~~~~~~~~~~~~~","Message":"A parameter cannot be found that matches parameter name 'Request'."}

Command      : WebHost.ps1
ScriptName   : C:\SC\PsWebHost\WebHost.ps1
FunctionName : <ScriptBlock>
Line         : 878
Arguments    : {}

Command      : WebHost.ps1
ScriptName   : C:\SC\PsWebHost\WebHost.ps1
FunctionName : <ScriptBlock><End>
Line         : 875
Arguments    : {}


2026-02-23T07:56:32.7868402Z	2026-02-23T01:56:32.7868402-06:00	Error	ErrorArrayCheck	\[WebHost\.PS1]\ \$Error\[0]\ A\ parameter\ cannot\ be\ found\ that\ matches\ parameter\ name\ 'Request'\.\nAt\ C:\\SC\\PsWebHost\\modules\\PSWebHost_Support\\PSWebHost_Support\.psm1:1204\ char:77\r\n\+\ .\ RequestRoute\ -Context\ \$Context\ -SessionID\ \$sessionID\ -Request\ \$reques\ .\r\n\+\ \ \ \ \ \ \ \ \ \ \ \ \ \ \ \ \ \ \ \ \ \ \ \ \ \ \ \ \ \ \ \ \ \ \ \ \ \ \ \ \ \ \ \ \ \ \ \ \ \ \ \ \ \ \ \ ~~~~~~~~	WebHost.ps1	WebHost.ps1				1	{"PositionMessage":"At C:\\SC\\PsWebHost\\modules\\PSWebHost_Support\\PSWebHost_Support.psm1:1204 char:77\r\n+ . RequestRoute -Context $Context -SessionID $sessionID -Request $reques .\r\n+                                                        ~~~~~~~~","Message":"A parameter cannot be found that matches parameter name 'Request'."}

Command      : WebHost.ps1
ScriptName   : C:\SC\PsWebHost\WebHost.ps1
FunctionName : <ScriptBlock><End>
Line         : 872
Arguments    : {}


2026-02-23T07:56:32.7886456Z	2026-02-23T01:56:32.7886456-06:00	Error	RequestHandler	\[WebHost\.PS1]\ A\ terminating\ error\ occurred\ while\ processing\ a\ synchronous\ request:\ A\ parameter\ cannot\ be\ found\ that\ matches\ parameter\ name\ 'Request'\.\nAt\ C:\\SC\\PsWebHost\\WebHost\.ps1:870\ char:17\r\n\+\ .\ \ \ \ \ \ \ \ \ \ \ \ \ Process-HttpRequest\ -Context\ \$context\ -HostUIQueue\ \$globa\ .\r\n\+\ \ \ \ \ \ \ \ \ \ \ \ \ \ \ ~~~~~~~~~~~~~~~~~~~~~~~~~~~~~~~~~~~~~~~~~~~~~~~~~~~~~~~~~	WebHost.ps1::<ScriptBlock><End>	<ScriptBlock><End>				1	{"PositionMessage":"At C:\\SC\\PsWebHost\\WebHost.ps1:870 char:17\r\n+ .             Process-HttpRequest -Context $context -HostUIQueue $globa .\r\n+               ~~~~~~~~~~~~~~~~~~~~~~~~~~~~~~~~~~~~~~~~~~~~~~~~~~~~~~~~~","Message":"A parameter cannot be found that matches parameter name 'Request'."}

Command      : WebHost.ps1
ScriptName   : C:\SC\PsWebHost\WebHost.ps1
FunctionName : <ScriptBlock>
Line         : 878
Arguments    : {}

Command      : WebHost.ps1
ScriptName   : C:\SC\PsWebHost\WebHost.ps1
FunctionName : <ScriptBlock><End>
Line         : 875
Arguments    : {}


2026-02-23T07:56:32.7900285Z	2026-02-23T01:56:32.7900285-06:00	Error	ErrorArrayCheck	\[WebHost\.PS1]\ \$Error\[0]\ A\ parameter\ cannot\ be\ found\ that\ matches\ parameter\ name\ 'Request'\.\nAt\ C:\\SC\\PsWebHost\\modules\\PSWebHost_Support\\PSWebHost_Support\.psm1:1204\ char:77\r\n\+\ .\ RequestRoute\ -Context\ \$Context\ -SessionID\ \$sessionID\ -Request\ \$reques\ .\r\n\+\ \ \ \ \ \ \ \ \ \ \ \ \ \ \ \ \ \ \ \ \ \ \ \ \ \ \ \ \ \ \ \ \ \ \ \ \ \ \ \ \ \ \ \ \ \ \ \ \ \ \ \ \ \ \ \ ~~~~~~~~	WebHost.ps1	WebHost.ps1				1	{"PositionMessage":"At C:\\SC\\PsWebHost\\modules\\PSWebHost_Support\\PSWebHost_Support.psm1:1204 char:77\r\n+ . RequestRoute -Context $Context -SessionID $sessionID -Request $reques .\r\n+                                                        ~~~~~~~~","Message":"A parameter cannot be found that matches parameter name 'Request'."}

Command      : WebHost.ps1
ScriptName   : C:\SC\PsWebHost\WebHost.ps1
FunctionName : <ScriptBlock><End>
Line         : 872
Arguments    : {}


2026-02-23T07:56:46.3208646Z	2026-02-23T01:56:46.3208646-06:00	Error	RequestHandler	\[WebHost\.PS1]\ A\ terminating\ error\ occurred\ while\ processing\ a\ synchronous\ request:\ A\ parameter\ cannot\ be\ found\ that\ matches\ parameter\ name\ 'Request'\.\nAt\ C:\\SC\\PsWebHost\\WebHost\.ps1:870\ char:17\r\n\+\ .\ \ \ \ \ \ \ \ \ \ \ \ \ Process-HttpRequest\ -Context\ \$context\ -HostUIQueue\ \$globa\ .\r\n\+\ \ \ \ \ \ \ \ \ \ \ \ \ \ \ ~~~~~~~~~~~~~~~~~~~~~~~~~~~~~~~~~~~~~~~~~~~~~~~~~~~~~~~~~	WebHost.ps1::<ScriptBlock><End>	<ScriptBlock><End>				1	{"PositionMessage":"At C:\\SC\\PsWebHost\\WebHost.ps1:870 char:17\r\n+ .             Process-HttpRequest -Context $context -HostUIQueue $globa .\r\n+               ~~~~~~~~~~~~~~~~~~~~~~~~~~~~~~~~~~~~~~~~~~~~~~~~~~~~~~~~~","Message":"A parameter cannot be found that matches parameter name 'Request'."}

Command      : WebHost.ps1
ScriptName   : C:\SC\PsWebHost\WebHost.ps1
FunctionName : <ScriptBlock>
Line         : 878
Arguments    : {}

Command      : WebHost.ps1
ScriptName   : C:\SC\PsWebHost\WebHost.ps1
FunctionName : <ScriptBlock><End>
Line         : 875
Arguments    : {}


2026-02-23T07:56:46.3221224Z	2026-02-23T01:56:46.3221224-06:00	Error	ErrorArrayCheck	\[WebHost\.PS1]\ \$Error\[0]\ A\ parameter\ cannot\ be\ found\ that\ matches\ parameter\ name\ 'Request'\.\nAt\ C:\\SC\\PsWebHost\\modules\\PSWebHost_Support\\PSWebHost_Support\.psm1:1204\ char:77\r\n\+\ .\ RequestRoute\ -Context\ \$Context\ -SessionID\ \$sessionID\ -Request\ \$reques\ .\r\n\+\ \ \ \ \ \ \ \ \ \ \ \ \ \ \ \ \ \ \ \ \ \ \ \ \ \ \ \ \ \ \ \ \ \ \ \ \ \ \ \ \ \ \ \ \ \ \ \ \ \ \ \ \ \ \ \ ~~~~~~~~	WebHost.ps1	WebHost.ps1				1	{"PositionMessage":"At C:\\SC\\PsWebHost\\modules\\PSWebHost_Support\\PSWebHost_Support.psm1:1204 char:77\r\n+ . RequestRoute -Context $Context -SessionID $sessionID -Request $reques .\r\n+                                                        ~~~~~~~~","Message":"A parameter cannot be found that matches parameter name 'Request'."}
	Logging: 2026-02-23T07:56:46.3208646Z	2026-02-23T01:56:46.3208646-06:00	Error	RequestHandler	\[WebHost\.PS1]\ A\ terminating\ error\ occurred\ while\ processing\ a\ synchronous\ request:\ A\ parameter\ cannot\ be\ found\ that\ matches\ parameter\ name\ 'Request'\.\nAt\ C:\\SC\\PsWebHost\\WebHost\.ps1:870\ char:17\r\n\+\ .\ \ \ \ \ \ \ \ \ \ \ \ \ Process-HttpRequest\ -Context\ \$context\ -HostUIQueue\ \$globa\ .\r\n\+\ \ \ \ \ \ \ \ \ \ \ \ \ \ \ ~~~~~~~~~~~~~~~~~~~~~~~~~~~~~~~~~~~~~~~~~~~~~~~~~~~~~~~~~	WebHost.ps1::<ScriptBlock><End>	<ScriptBlock><End>				1	{"PositionMessage":"At C:\\SC\\PsWebHost\\WebHost.ps1:870 char:17\r\n+ .             Process-HttpRequest -Context $context -HostUIQueue $globa .\r\n+               ~~~~~~~~~~~~~~~~~~~~~~~~~~~~~~~~~~~~~~~~~~~~~~~~~~~~~~~~~","Message":"A parameter cannot be found that matches parameter name 'Request'."}
	Logging: 2026-02-23T07:56:46.3221224Z	2026-02-23T01:56:46.3221224-06:00	Error	ErrorArrayCheck	\[WebHost\.PS1]\ \$Error\[0]\ A\ parameter\ cannot\ be\ found\ that\ matches\ parameter\ name\ 'Request'\.\nAt\ C:\\SC\\PsWebHost\\modules\\PSWebHost_Support\\PSWebHost_Support\.psm1:1204\ char:77\r\n\+\ .\ RequestRoute\ -Context\ \$Context\ -SessionID\ \$sessionID\ -Request\ \$reques\ .\r\n\+\ \ \ \ \ \ \ \ \ \ \ \ \ \ \ \ \ \ \ \ \ \ \ \ \ \ \ \ \ \ \ \ \ \ \ \ \ \ \ \ \ \ \ \ \ \ \ \ \ \ \ \ \ \ \ \ ~~~~~~~~	WebHost.ps1	WebHost.ps1				1	{"PositionMessage":"At C:\\SC\\PsWebHost\\modules\\PSWebHost_Support\\PSWebHost_Support.psm1:1204 char:77\r\n+ . RequestRoute -Context $Context -SessionID $sessionID -Request $reques .\r\n+                                                        ~~~~~~~~","Message":"A parameter cannot be found that matches parameter name 'Request'."}
	Logging: 2026-02-23T07:56:46.3236714Z	2026-02-23T01:56:46.3236714-06:00	Debug	GlobalCache	Updated\ cache:\ 3\ jobs,\ 0\ runspaces,\ 0\ tasks\ \(0\.3331ms\)	WebHost.ps1::Update-GlobalCache	Update-GlobalCache				1	
	Logging: 2026-02-23T07:56:46.3249281Z	2026-02-23T01:56:46.3249281-06:00	Info	MetricsData	Track_HashTables	WebHost.ps1	ProcessLogQueue		Webhost	MainLoop	1	{"PSWebServerModules":{"Name":"PSWebServerModules","Count":10,"LastSeen":"2026-02-23T01:56:46.3247043-06:00"},"PSDefaultParameterValues":{"Name":"PSDefaultParameterValues","Count":0,"LastSeen":"2026-02-23T01:56:46.3244129-06:00"},"PSWebSessions":{"Name":"PSWebSessions","Count":5,"LastSeen":"2026-02-23T01:56:46.3247374-06:00"},"PSVersionTable":{"Name":"PSVersionTable","Count":9,"LastSeen":"2026-02-23T01:56:46.3244848-06:00"},"LogHistory":{"Name":"LogHistory","Count":0,"LastSeen":"2026-02-23T01:56:46.3243061-06:00"},"PSWebServer":{"Name":"PSWebServer","Count":33,"LastSeen":"2026-02-23T01:56:46.3246696-06:00"}}
	Logging: 2026-02-23T07:56:46.3260477Z	2026-02-23T01:56:46.3260477-06:00	Info	MetricsData	Track_HashTables	WebHost.ps1	ProcessLogQueue		Webhost	MainLoop	1	{"args":{"Name":"args","Count":0,"LastSeen":"2026-02-23T01:56:46.3254047-06:00"}}

Command      : WebHost.ps1
ScriptName   : C:\SC\PsWebHost\WebHost.ps1
FunctionName : <ScriptBlock><End>
Line         : 872
Arguments    : {}


2026-02-23T07:56:49.6103101Z	2026-02-23T01:56:49.6103101-06:00	Error	RequestHandler	\[WebHost\.PS1]\ A\ terminating\ error\ occurred\ while\ processing\ a\ synchronous\ request:\ A\ parameter\ cannot\ be\ found\ that\ matches\ parameter\ name\ 'Request'\.\nAt\ C:\\SC\\PsWebHost\\WebHost\.ps1:870\ char:17\r\n\+\ .\ \ \ \ \ \ \ \ \ \ \ \ \ Process-HttpRequest\ -Context\ \$context\ -HostUIQueue\ \$globa\ .\r\n\+\ \ \ \ \ \ \ \ \ \ \ \ \ \ \ ~~~~~~~~~~~~~~~~~~~~~~~~~~~~~~~~~~~~~~~~~~~~~~~~~~~~~~~~~	WebHost.ps1::<ScriptBlock><End>	<ScriptBlock><End>				1	{"PositionMessage":"At C:\\SC\\PsWebHost\\WebHost.ps1:870 char:17\r\n+ .             Process-HttpRequest -Context $context -HostUIQueue $globa .\r\n+               ~~~~~~~~~~~~~~~~~~~~~~~~~~~~~~~~~~~~~~~~~~~~~~~~~~~~~~~~~","Message":"A parameter cannot be found that matches parameter name 'Request'."}

Command      : WebHost.ps1
ScriptName   : C:\SC\PsWebHost\WebHost.ps1
FunctionName : <ScriptBlock>
Line         : 878
Arguments    : {}

Command      : WebHost.ps1
ScriptName   : C:\SC\PsWebHost\WebHost.ps1
FunctionName : <ScriptBlock><End>
Line         : 875
Arguments    : {}


2026-02-23T07:56:49.6124021Z	2026-02-23T01:56:49.6124021-06:00	Error	ErrorArrayCheck	\[WebHost\.PS1]\ \$Error\[0]\ A\ parameter\ cannot\ be\ found\ that\ matches\ parameter\ name\ 'Request'\.\nAt\ C:\\SC\\PsWebHost\\modules\\PSWebHost_Support\\PSWebHost_Support\.psm1:1204\ char:77\r\n\+\ .\ RequestRoute\ -Context\ \$Context\ -SessionID\ \$sessionID\ -Request\ \$reques\ .\r\n\+\ \ \ \ \ \ \ \ \ \ \ \ \ \ \ \ \ \ \ \ \ \ \ \ \ \ \ \ \ \ \ \ \ \ \ \ \ \ \ \ \ \ \ \ \ \ \ \ \ \ \ \ \ \ \ \ ~~~~~~~~	WebHost.ps1	WebHost.ps1				1	{"PositionMessage":"At C:\\SC\\PsWebHost\\modules\\PSWebHost_Support\\PSWebHost_Support.psm1:1204 char:77\r\n+ . RequestRoute -Context $Context -SessionID $sessionID -Request $reques .\r\n+                                                        ~~~~~~~~","Message":"A parameter cannot be found that matches parameter name 'Request'."}

Command      : WebHost.ps1
ScriptName   : C:\SC\PsWebHost\WebHost.ps1
FunctionName : <ScriptBlock><End>
Line         : 872
Arguments    : {}


2026-02-23T07:56:49.6151552Z	2026-02-23T01:56:49.6151552-06:00	Error	RequestHandler	\[WebHost\.PS1]\ A\ terminating\ error\ occurred\ while\ processing\ a\ synchronous\ request:\ A\ parameter\ cannot\ be\ found\ that\ matches\ parameter\ name\ 'Request'\.\nAt\ C:\\SC\\PsWebHost\\WebHost\.ps1:870\ char:17\r\n\+\ .\ \ \ \ \ \ \ \ \ \ \ \ \ Process-HttpRequest\ -Context\ \$context\ -HostUIQueue\ \$globa\ .\r\n\+\ \ \ \ \ \ \ \ \ \ \ \ \ \ \ ~~~~~~~~~~~~~~~~~~~~~~~~~~~~~~~~~~~~~~~~~~~~~~~~~~~~~~~~~	WebHost.ps1::<ScriptBlock><End>	<ScriptBlock><End>				1	{"PositionMessage":"At C:\\SC\\PsWebHost\\WebHost.ps1:870 char:17\r\n+ .             Process-HttpRequest -Context $context -HostUIQueue $globa .\r\n+               ~~~~~~~~~~~~~~~~~~~~~~~~~~~~~~~~~~~~~~~~~~~~~~~~~~~~~~~~~","Message":"A parameter cannot be found that matches parameter name 'Request'."}

Command      : WebHost.ps1
ScriptName   : C:\SC\PsWebHost\WebHost.ps1
FunctionName : <ScriptBlock>
Line         : 878
Arguments    : {}

Command      : WebHost.ps1
ScriptName   : C:\SC\PsWebHost\WebHost.ps1
FunctionName : <ScriptBlock><End>
Line         : 875
Arguments    : {}


2026-02-23T07:56:49.6167613Z	2026-02-23T01:56:49.6167613-06:00	Error	ErrorArrayCheck	\[WebHost\.PS1]\ \$Error\[0]\ A\ parameter\ cannot\ be\ found\ that\ matches\ parameter\ name\ 'Request'\.\nAt\ C:\\SC\\PsWebHost\\modules\\PSWebHost_Support\\PSWebHost_Support\.psm1:1204\ char:77\r\n\+\ .\ RequestRoute\ -Context\ \$Context\ -SessionID\ \$sessionID\ -Request\ \$reques\ .\r\n\+\ \ \ \ \ \ \ \ \ \ \ \ \ \ \ \ \ \ \ \ \ \ \ \ \ \ \ \ \ \ \ \ \ \ \ \ \ \ \ \ \ \ \ \ \ \ \ \ \ \ \ \ \ \ \ \ ~~~~~~~~	WebHost.ps1	WebHost.ps1				1	{"PositionMessage":"At C:\\SC\\PsWebHost\\modules\\PSWebHost_Support\\PSWebHost_Support.psm1:1204 char:77\r\n+ . RequestRoute -Context $Context -SessionID $sessionID -Request $reques .\r\n+                                                        ~~~~~~~~","Message":"A parameter cannot be found that matches parameter name 'Request'."}

Command      : WebHost.ps1
ScriptName   : C:\SC\PsWebHost\WebHost.ps1
FunctionName : <ScriptBlock><End>
Line         : 872
Arguments    : {}


2026-02-23T07:56:49.6193936Z	2026-02-23T01:56:49.6193936-06:00	Error	RequestHandler	\[WebHost\.PS1]\ A\ terminating\ error\ occurred\ while\ processing\ a\ synchronous\ request:\ A\ parameter\ cannot\ be\ found\ that\ matches\ parameter\ name\ 'Request'\.\nAt\ C:\\SC\\PsWebHost\\WebHost\.ps1:870\ char:17\r\n\+\ .\ \ \ \ \ \ \ \ \ \ \ \ \ Process-HttpRequest\ -Context\ \$context\ -HostUIQueue\ \$globa\ .\r\n\+\ \ \ \ \ \ \ \ \ \ \ \ \ \ \ ~~~~~~~~~~~~~~~~~~~~~~~~~~~~~~~~~~~~~~~~~~~~~~~~~~~~~~~~~	WebHost.ps1::<ScriptBlock><End>	<ScriptBlock><End>				1	{"PositionMessage":"At C:\\SC\\PsWebHost\\WebHost.ps1:870 char:17\r\n+ .             Process-HttpRequest -Context $context -HostUIQueue $globa .\r\n+               ~~~~~~~~~~~~~~~~~~~~~~~~~~~~~~~~~~~~~~~~~~~~~~~~~~~~~~~~~","Message":"A parameter cannot be found that matches parameter name 'Request'."}

Command      : WebHost.ps1
ScriptName   : C:\SC\PsWebHost\WebHost.ps1
FunctionName : <ScriptBlock>
Line         : 878
Arguments    : {}

Command      : WebHost.ps1
ScriptName   : C:\SC\PsWebHost\WebHost.ps1
FunctionName : <ScriptBlock><End>
Line         : 875
Arguments    : {}


2026-02-23T07:56:49.6210245Z	2026-02-23T01:56:49.6210245-06:00	Error	ErrorArrayCheck	\[WebHost\.PS1]\ \$Error\[0]\ A\ parameter\ cannot\ be\ found\ that\ matches\ parameter\ name\ 'Request'\.\nAt\ C:\\SC\\PsWebHost\\modules\\PSWebHost_Support\\PSWebHost_Support\.psm1:1204\ char:77\r\n\+\ .\ RequestRoute\ -Context\ \$Context\ -SessionID\ \$sessionID\ -Request\ \$reques\ .\r\n\+\ \ \ \ \ \ \ \ \ \ \ \ \ \ \ \ \ \ \ \ \ \ \ \ \ \ \ \ \ \ \ \ \ \ \ \ \ \ \ \ \ \ \ \ \ \ \ \ \ \ \ \ \ \ \ \ ~~~~~~~~	WebHost.ps1	WebHost.ps1				1	{"PositionMessage":"At C:\\SC\\PsWebHost\\modules\\PSWebHost_Support\\PSWebHost_Support.psm1:1204 char:77\r\n+ . RequestRoute -Context $Context -SessionID $sessionID -Request $reques .\r\n+                                                        ~~~~~~~~","Message":"A parameter cannot be found that matches parameter name 'Request'."}

Command      : WebHost.ps1
ScriptName   : C:\SC\PsWebHost\WebHost.ps1
FunctionName : <ScriptBlock><End>
Line         : 872
Arguments    : {}


2026-02-23T07:56:49.6235595Z	2026-02-23T01:56:49.6235595-06:00	Error	RequestHandler	\[WebHost\.PS1]\ A\ terminating\ error\ occurred\ while\ processing\ a\ synchronous\ request:\ A\ parameter\ cannot\ be\ found\ that\ matches\ parameter\ name\ 'Request'\.\nAt\ C:\\SC\\PsWebHost\\WebHost\.ps1:870\ char:17\r\n\+\ .\ \ \ \ \ \ \ \ \ \ \ \ \ Process-HttpRequest\ -Context\ \$context\ -HostUIQueue\ \$globa\ .\r\n\+\ \ \ \ \ \ \ \ \ \ \ \ \ \ \ ~~~~~~~~~~~~~~~~~~~~~~~~~~~~~~~~~~~~~~~~~~~~~~~~~~~~~~~~~	WebHost.ps1::<ScriptBlock><End>	<ScriptBlock><End>				1	{"PositionMessage":"At C:\\SC\\PsWebHost\\WebHost.ps1:870 char:17\r\n+ .             Process-HttpRequest -Context $context -HostUIQueue $globa .\r\n+               ~~~~~~~~~~~~~~~~~~~~~~~~~~~~~~~~~~~~~~~~~~~~~~~~~~~~~~~~~","Message":"A parameter cannot be found that matches parameter name 'Request'."}

Command      : WebHost.ps1
ScriptName   : C:\SC\PsWebHost\WebHost.ps1
FunctionName : <ScriptBlock>
Line         : 878
Arguments    : {}

Command      : WebHost.ps1
ScriptName   : C:\SC\PsWebHost\WebHost.ps1
FunctionName : <ScriptBlock><End>
Line         : 875
Arguments    : {}


2026-02-23T07:56:49.6264592Z	2026-02-23T01:56:49.6264592-06:00	Error	ErrorArrayCheck	\[WebHost\.PS1]\ \$Error\[0]\ A\ parameter\ cannot\ be\ found\ that\ matches\ parameter\ name\ 'Request'\.\nAt\ C:\\SC\\PsWebHost\\modules\\PSWebHost_Support\\PSWebHost_Support\.psm1:1204\ char:77\r\n\+\ .\ RequestRoute\ -Context\ \$Context\ -SessionID\ \$sessionID\ -Request\ \$reques\ .\r\n\+\ \ \ \ \ \ \ \ \ \ \ \ \ \ \ \ \ \ \ \ \ \ \ \ \ \ \ \ \ \ \ \ \ \ \ \ \ \ \ \ \ \ \ \ \ \ \ \ \ \ \ \ \ \ \ \ ~~~~~~~~	WebHost.ps1	WebHost.ps1				1	{"PositionMessage":"At C:\\SC\\PsWebHost\\modules\\PSWebHost_Support\\PSWebHost_Support.psm1:1204 char:77\r\n+ . RequestRoute -Context $Context -SessionID $sessionID -Request $reques .\r\n+                                                        ~~~~~~~~","Message":"A parameter cannot be found that matches parameter name 'Request'."}

Command      : WebHost.ps1
ScriptName   : C:\SC\PsWebHost\WebHost.ps1
FunctionName : <ScriptBlock><End>
Line         : 872
Arguments    : {}


2026-02-23T07:56:49.6295201Z	2026-02-23T01:56:49.6295201-06:00	Error	RequestHandler	\[WebHost\.PS1]\ A\ terminating\ error\ occurred\ while\ processing\ a\ synchronous\ request:\ A\ parameter\ cannot\ be\ found\ that\ matches\ parameter\ name\ 'Request'\.\nAt\ C:\\SC\\PsWebHost\\WebHost\.ps1:870\ char:17\r\n\+\ .\ \ \ \ \ \ \ \ \ \ \ \ \ Process-HttpRequest\ -Context\ \$context\ -HostUIQueue\ \$globa\ .\r\n\+\ \ \ \ \ \ \ \ \ \ \ \ \ \ \ ~~~~~~~~~~~~~~~~~~~~~~~~~~~~~~~~~~~~~~~~~~~~~~~~~~~~~~~~~	WebHost.ps1::<ScriptBlock><End>	<ScriptBlock><End>				1	{"PositionMessage":"At C:\\SC\\PsWebHost\\WebHost.ps1:870 char:17\r\n+ .             Process-HttpRequest -Context $context -HostUIQueue $globa .\r\n+               ~~~~~~~~~~~~~~~~~~~~~~~~~~~~~~~~~~~~~~~~~~~~~~~~~~~~~~~~~","Message":"A parameter cannot be found that matches parameter name 'Request'."}

Command      : WebHost.ps1
ScriptName   : C:\SC\PsWebHost\WebHost.ps1
FunctionName : <ScriptBlock>
Line         : 878
Arguments    : {}

Command      : WebHost.ps1
ScriptName   : C:\SC\PsWebHost\WebHost.ps1
FunctionName : <ScriptBlock><End>
Line         : 875
Arguments    : {}


2026-02-23T07:56:49.6316017Z	2026-02-23T01:56:49.6316017-06:00	Error	ErrorArrayCheck	\[WebHost\.PS1]\ \$Error\[0]\ A\ parameter\ cannot\ be\ found\ that\ matches\ parameter\ name\ 'Request'\.\nAt\ C:\\SC\\PsWebHost\\modules\\PSWebHost_Support\\PSWebHost_Support\.psm1:1204\ char:77\r\n\+\ .\ RequestRoute\ -Context\ \$Context\ -SessionID\ \$sessionID\ -Request\ \$reques\ .\r\n\+\ \ \ \ \ \ \ \ \ \ \ \ \ \ \ \ \ \ \ \ \ \ \ \ \ \ \ \ \ \ \ \ \ \ \ \ \ \ \ \ \ \ \ \ \ \ \ \ \ \ \ \ \ \ \ \ ~~~~~~~~	WebHost.ps1	WebHost.ps1				1	{"PositionMessage":"At C:\\SC\\PsWebHost\\modules\\PSWebHost_Support\\PSWebHost_Support.psm1:1204 char:77\r\n+ . RequestRoute -Context $Context -SessionID $sessionID -Request $reques .\r\n+                                                        ~~~~~~~~","Message":"A parameter cannot be found that matches parameter name 'Request'."}
